{
  "version": "1.5.0",
  "plugins_used": [
    {
      "name": "ArtifactoryDetector"
    },
    {
      "name": "AWSKeyDetector"
    },
    {
      "name": "AzureStorageKeyDetector"
    },
    {
      "name": "Base64HighEntropyString",
      "limit": 4.5
    },
    {
      "name": "BasicAuthDetector"
    },
    {
      "name": "CloudantDetector"
    },
    {
      "name": "DiscordBotTokenDetector"
    },
    {
      "name": "GitHubTokenDetector"
    },
    {
      "name": "GitLabTokenDetector"
    },
    {
      "name": "HexHighEntropyString",
      "limit": 3.0
    },
    {
      "name": "IbmCloudIamDetector"
    },
    {
      "name": "IbmCosHmacDetector"
    },
    {
      "name": "IPPublicDetector"
    },
    {
      "name": "JwtTokenDetector"
    },
    {
      "name": "KeywordDetector",
      "keyword_exclude": ""
    },
    {
      "name": "MailchimpDetector"
    },
    {
      "name": "NpmDetector"
    },
    {
      "name": "OpenAIDetector"
    },
    {
      "name": "PrivateKeyDetector"
    },
    {
      "name": "PypiTokenDetector"
    },
    {
      "name": "SendGridDetector"
    },
    {
      "name": "SlackDetector"
    },
    {
      "name": "SoftlayerDetector"
    },
    {
      "name": "SquareOAuthDetector"
    },
    {
      "name": "StripeDetector"
    },
    {
      "name": "TelegramBotTokenDetector"
    },
    {
      "name": "TwilioKeyDetector"
    }
  ],
  "filters_used": [
    {
      "path": "detect_secrets.filters.allowlist.is_line_allowlisted"
    },
    {
      "path": "detect_secrets.filters.common.is_baseline_file",
      "filename": ".secrets.baseline"
    },
    {
      "path": "detect_secrets.filters.common.is_ignored_due_to_verification_policies",
      "min_level": 2
    },
    {
      "path": "detect_secrets.filters.heuristic.is_indirect_reference"
    },
    {
      "path": "detect_secrets.filters.heuristic.is_likely_id_string"
    },
    {
      "path": "detect_secrets.filters.heuristic.is_lock_file"
    },
    {
      "path": "detect_secrets.filters.heuristic.is_not_alphanumeric_string"
    },
    {
      "path": "detect_secrets.filters.heuristic.is_potential_uuid"
    },
    {
      "path": "detect_secrets.filters.heuristic.is_prefixed_with_dollar_sign"
    },
    {
      "path": "detect_secrets.filters.heuristic.is_sequential_string"
    },
    {
      "path": "detect_secrets.filters.heuristic.is_swagger_file"
    },
    {
      "path": "detect_secrets.filters.heuristic.is_templated_secret"
    }
  ],
  "results": {
    ".planning/formal/acknowledged-false-positives.json": [
      {
        "type": "Hex High Entropy String",
        "filename": ".planning/formal/acknowledged-false-positives.json",
        "hashed_secret": "4aa58e033b0ac84fc3d9ae83d46f73510521e8a9",
        "is_verified": false,
        "line_number": 386
      },
      {
        "type": "Hex High Entropy String",
        "filename": ".planning/formal/acknowledged-false-positives.json",
        "hashed_secret": "60eabe87d2edff77fc143331f2658771bb20f88b",
        "is_verified": false,
        "line_number": 392
      },
      {
        "type": "Hex High Entropy String",
        "filename": ".planning/formal/acknowledged-false-positives.json",
        "hashed_secret": "7c3e647c024492abc695e55118c2f7d9630ad243",
        "is_verified": false,
        "line_number": 398
      },
      {
        "type": "Hex High Entropy String",
        "filename": ".planning/formal/acknowledged-false-positives.json",
        "hashed_secret": "92feabd78dc11519017f249903e56a726af8b769",
        "is_verified": false,
        "line_number": 404
      },
      {
        "type": "Hex High Entropy String",
        "filename": ".planning/formal/acknowledged-false-positives.json",
        "hashed_secret": "4c8849bd1823f5b334205715aa3a4006cdf11ca0",
        "is_verified": false,
        "line_number": 410
      },
      {
        "type": "Hex High Entropy String",
        "filename": ".planning/formal/acknowledged-false-positives.json",
        "hashed_secret": "0504b75d79f0aa2b9166c07bae0c761561a35fb1",
        "is_verified": false,
        "line_number": 416
      },
      {
        "type": "Hex High Entropy String",
        "filename": ".planning/formal/acknowledged-false-positives.json",
        "hashed_secret": "98a23488701d9be112b7850e35236f3c96b3f1a8",
        "is_verified": false,
        "line_number": 422
      },
      {
        "type": "Hex High Entropy String",
        "filename": ".planning/formal/acknowledged-false-positives.json",
        "hashed_secret": "e18f6ae588492209316da3fdd5f39fdb7a00c658",
        "is_verified": false,
        "line_number": 434
      },
      {
        "type": "Hex High Entropy String",
        "filename": ".planning/formal/acknowledged-false-positives.json",
        "hashed_secret": "fa6b44c03ea13db1d56025d4ceeaef67e791292f",
        "is_verified": false,
        "line_number": 440
      },
      {
        "type": "Hex High Entropy String",
        "filename": ".planning/formal/acknowledged-false-positives.json",
        "hashed_secret": "9806528e6d23be56c69218c86451eed84cefc036",
        "is_verified": false,
        "line_number": 446
      },
      {
        "type": "Hex High Entropy String",
        "filename": ".planning/formal/acknowledged-false-positives.json",
        "hashed_secret": "474411d21e93b5c565009c8ca0f4369378db604b",
        "is_verified": false,
        "line_number": 452
      },
      {
        "type": "Hex High Entropy String",
        "filename": ".planning/formal/acknowledged-false-positives.json",
        "hashed_secret": "167cd7bdea78dc337de3599c8bfc4da88e89c0cf",
        "is_verified": false,
        "line_number": 464
      },
      {
        "type": "Hex High Entropy String",
        "filename": ".planning/formal/acknowledged-false-positives.json",
        "hashed_secret": "3534e3e43a135a912fefc1885cdb583da9f50620",
        "is_verified": false,
        "line_number": 482
      },
      {
        "type": "Hex High Entropy String",
        "filename": ".planning/formal/acknowledged-false-positives.json",
        "hashed_secret": "28cf07971539ca857c169d3c09fa5b578e526853",
        "is_verified": false,
        "line_number": 488
      }
    ],
    ".planning/formal/archived-solve-items.json": [
      {
        "type": "Hex High Entropy String",
        "filename": ".planning/formal/archived-solve-items.json",
        "hashed_secret": "167cd7bdea78dc337de3599c8bfc4da88e89c0cf",
        "is_verified": false,
        "line_number": 196
      }
    ],
    ".planning/formal/generated-stubs/PORT-01.stub.test.js": [
      {
        "type": "Secret Keyword",
        "filename": ".planning/formal/generated-stubs/PORT-01.stub.test.js",
        "hashed_secret": "bce7db7692aea31b3d05c5a9ada07dbcba9d9cb0",
        "is_verified": false,
        "line_number": 14
      },
      {
        "type": "Secret Keyword",
        "filename": ".planning/formal/generated-stubs/PORT-01.stub.test.js",
        "hashed_secret": "5c5a15a8b0b3e154d77746945e563ba40100681b",
        "is_verified": false,
        "line_number": 15
      },
      {
        "type": "Secret Keyword",
        "filename": ".planning/formal/generated-stubs/PORT-01.stub.test.js",
        "hashed_secret": "f3bbbd66a63d4bf1747940578ec3d0103530e21d",
        "is_verified": false,
        "line_number": 17
      },
      {
        "type": "Secret Keyword",
        "filename": ".planning/formal/generated-stubs/PORT-01.stub.test.js",
        "hashed_secret": "bc1068261a609651084c32c96e95b16d4e5c1ab4",
        "is_verified": false,
        "line_number": 32
      }
    ],
    ".planning/formal/generated-stubs/REDACT-01.stub.test.js": [
      {
        "type": "Secret Keyword",
        "filename": ".planning/formal/generated-stubs/REDACT-01.stub.test.js",
        "hashed_secret": "18176482d2532398c7b84c22c6f8d2e59e55505c",
        "is_verified": false,
        "line_number": 28
      }
    ],
    ".planning/formal/requirements.json": [
      {
        "type": "Hex High Entropy String",
        "filename": ".planning/formal/requirements.json",
        "hashed_secret": "8f2de2e5ebcadafad4ca4713872eac4237831a4a",
        "is_verified": false,
        "line_number": 3
      }
    ],
    ".planning/formal/solve-classifications.json": [
      {
        "type": "Hex High Entropy String",
        "filename": ".planning/formal/solve-classifications.json",
        "hashed_secret": "60eabe87d2edff77fc143331f2658771bb20f88b",
        "is_verified": false,
        "line_number": 44
      }
    ],
    ".planning/milestones/v0.10-phases/v0.10-02-presets-and-cloning/v0.10-02-01-PLAN.md": [
      {
        "type": "Secret Keyword",
        "filename": ".planning/milestones/v0.10-phases/v0.10-02-presets-and-cloning/v0.10-02-01-PLAN.md",
        "hashed_secret": "13951588fd3325e25ed1e3b116d7009fb221c85e",
        "is_verified": false,
        "line_number": 164
      },
      {
        "type": "Secret Keyword",
        "filename": ".planning/milestones/v0.10-phases/v0.10-02-presets-and-cloning/v0.10-02-01-PLAN.md",
        "hashed_secret": "a4d9898958973805c7a28691b1fc183d40144188",
        "is_verified": false,
        "line_number": 197
      }
    ],
    ".planning/milestones/v0.10-phases/v0.10-06-import-export/v0.10-06-01-PLAN.md": [
      {
        "type": "Secret Keyword",
        "filename": ".planning/milestones/v0.10-phases/v0.10-06-import-export/v0.10-06-01-PLAN.md",
        "hashed_secret": "e0538dbde0484e599b41a65cc6a9d443b5011520",
        "is_verified": false,
        "line_number": 123
      },
      {
        "type": "Secret Keyword",
        "filename": ".planning/milestones/v0.10-phases/v0.10-06-import-export/v0.10-06-01-PLAN.md",
        "hashed_secret": "05b320f6e1147eb9dca51fd088b5f449aa1d0f8a",
        "is_verified": false,
        "line_number": 198
      }
    ],
    ".planning/milestones/v0.19-phases/v0.19-04-enforcement-layer/v0.19-04-01-PLAN.md": [
      {
        "type": "Secret Keyword",
        "filename": ".planning/milestones/v0.19-phases/v0.19-04-enforcement-layer/v0.19-04-01-PLAN.md",
        "hashed_secret": "f2b14f68eb995facb3a1c35287b778d5bd785511",
        "is_verified": false,
        "line_number": 166
      },
      {
        "type": "AWS Access Key",
        "filename": ".planning/milestones/v0.19-phases/v0.19-04-enforcement-layer/v0.19-04-01-PLAN.md",
        "hashed_secret": "25910f981e85ca04baf359199dd0bd4a3ae738b6",
        "is_verified": false,
        "line_number": 167
      },
      {
        "type": "Secret Keyword",
        "filename": ".planning/milestones/v0.19-phases/v0.19-04-enforcement-layer/v0.19-04-01-PLAN.md",
        "hashed_secret": "06aa51610affb11bbfd66a85b7633df97c8aa7a9",
        "is_verified": false,
        "line_number": 171
      }
    ],
    ".planning/milestones/v0.26-phases/v0.26-03-portable-installer-presets/v0.26-03-01-PLAN.md": [
      {
        "type": "Secret Keyword",
        "filename": ".planning/milestones/v0.26-phases/v0.26-03-portable-installer-presets/v0.26-03-01-PLAN.md",
        "hashed_secret": "e0538dbde0484e599b41a65cc6a9d443b5011520",
        "is_verified": false,
        "line_number": 75
      }
    ],
    ".planning/milestones/v0.28-phases/v0.28-04-safety-diagnostics-security-sweep-session-state-harness-diagnostics/v0.28-04-01-PLAN.md": [
      {
        "type": "AWS Access Key",
        "filename": ".planning/milestones/v0.28-phases/v0.28-04-safety-diagnostics-security-sweep-session-state-harness-diagnostics/v0.28-04-01-PLAN.md",
        "hashed_secret": "25910f981e85ca04baf359199dd0bd4a3ae738b6",
        "is_verified": false,
        "line_number": 155
      },
      {
        "type": "GitHub Token",
        "filename": ".planning/milestones/v0.28-phases/v0.28-04-safety-diagnostics-security-sweep-session-state-harness-diagnostics/v0.28-04-01-PLAN.md",
        "hashed_secret": "e175c6f5f2a92e8623bd9a4820edb4e8c1b0fd10",
        "is_verified": false,
        "line_number": 156
      },
      {
        "type": "Base64 High Entropy String",
        "filename": ".planning/milestones/v0.28-phases/v0.28-04-safety-diagnostics-security-sweep-session-state-harness-diagnostics/v0.28-04-01-PLAN.md",
        "hashed_secret": "1b4459d748f5732c97257b017dcff2dfd157db9b",
        "is_verified": false,
        "line_number": 161
      },
      {
        "type": "Hex High Entropy String",
        "filename": ".planning/milestones/v0.28-phases/v0.28-04-safety-diagnostics-security-sweep-session-state-harness-diagnostics/v0.28-04-01-PLAN.md",
        "hashed_secret": "90bd1b48e958257948487b90bee080ba5ed00caa",
        "is_verified": false,
        "line_number": 163
      },
      {
        "type": "Secret Keyword",
        "filename": ".planning/milestones/v0.28-phases/v0.28-04-safety-diagnostics-security-sweep-session-state-harness-diagnostics/v0.28-04-01-PLAN.md",
        "hashed_secret": "90bd1b48e958257948487b90bee080ba5ed00caa",
        "is_verified": false,
        "line_number": 163
      }
    ],
    ".planning/milestones/v0.31-phases/v0.31-02-runtime-safety-boundaries/v0.31-02-RESEARCH.md": [
      {
        "type": "Hex High Entropy String",
        "filename": ".planning/milestones/v0.31-phases/v0.31-02-runtime-safety-boundaries/v0.31-02-RESEARCH.md",
        "hashed_secret": "dc86912c8e4c43e215b55137c16f16eb8ddac33c",
        "is_verified": false,
        "line_number": 78
      }
    ],
    ".planning/phases/v0.31-02-runtime-safety-boundaries/v0.31-02-RESEARCH.md": [
      {
        "type": "Hex High Entropy String",
        "filename": ".planning/phases/v0.31-02-runtime-safety-boundaries/v0.31-02-RESEARCH.md",
        "hashed_secret": "dc86912c8e4c43e215b55137c16f16eb8ddac33c",
        "is_verified": false,
        "line_number": 78
      }
    ],
    ".planning/quick/341-anti-self-answer-guard-for-quorum-slot-w/341-PLAN.md": [
      {
        "type": "Hex High Entropy String",
        "filename": ".planning/quick/341-anti-self-answer-guard-for-quorum-slot-w/341-PLAN.md",
        "hashed_secret": "71e6451ec62776057a355cba708a135319c6b000",
        "is_verified": false,
        "line_number": 214
      },
      {
        "type": "Hex High Entropy String",
        "filename": ".planning/quick/341-anti-self-answer-guard-for-quorum-slot-w/341-PLAN.md",
        "hashed_secret": "e8e6c2284ab5bee4de2ee53880c8fc2a4728d3e8",
        "is_verified": false,
        "line_number": 237
      }
    ],
    ".planning/quick/71-extend-unified-mcp-server-with-http-tran/71-PLAN.md": [
      {
        "type": "Secret Keyword",
        "filename": ".planning/quick/71-extend-unified-mcp-server-with-http-tran/71-PLAN.md",
        "hashed_secret": "4007f57192fb0939e4b0e7c55eaf6de7c78a68d3",
        "is_verified": false,
        "line_number": 92
      },
      {
        "type": "Secret Keyword",
        "filename": ".planning/quick/71-extend-unified-mcp-server-with-http-tran/71-PLAN.md",
        "hashed_secret": "c8f16a194efc59559549c7bd69f7bea038742e79",
        "is_verified": false,
        "line_number": 94
      },
      {
        "type": "Secret Keyword",
        "filename": ".planning/quick/71-extend-unified-mcp-server-with-http-tran/71-PLAN.md",
        "hashed_secret": "877ae368395eca61a0d7667c45101f061ed399cd",
        "is_verified": false,
        "line_number": 95
      }
    ],
    ".planning/quick/88-build-interactive-node-js-cli-interface-/88-PLAN.md": [
      {
        "type": "Secret Keyword",
        "filename": ".planning/quick/88-build-interactive-node-js-cli-interface-/88-PLAN.md",
        "hashed_secret": "c71d25deb88257d50626c1ba804a9b7d585e58d8",
        "is_verified": false,
        "line_number": 68
      }
    ],
    ".planning/quick/92-claude-1-6-should-use-a-real-claude-code/92-PLAN.md": [
      {
        "type": "Base64 High Entropy String",
        "filename": ".planning/quick/92-claude-1-6-should-use-a-real-claude-code/92-PLAN.md",
        "hashed_secret": "ddcb1544ae70290d34a7ee92d745e395e50c3688",
        "is_verified": false,
        "line_number": 96
      },
      {
        "type": "Secret Keyword",
        "filename": ".planning/quick/92-claude-1-6-should-use-a-real-claude-code/92-PLAN.md",
        "hashed_secret": "ddcb1544ae70290d34a7ee92d745e395e50c3688",
        "is_verified": false,
        "line_number": 96
      }
    ],
    ".planning/quick/94-i-want-to-find-the-right-balance-between/94-PLAN.md": [
      {
        "type": "Secret Keyword",
        "filename": ".planning/quick/94-i-want-to-find-the-right-balance-between/94-PLAN.md",
        "hashed_secret": "32df82dccdd26b62d92eaefa9ccc2550d5ec96bd",
        "is_verified": false,
        "line_number": 167
      }
    ],
    ".planning/quick/96-refactor-manage-agents-cjs-to-extract-pu/96-PLAN.md": [
      {
        "type": "Secret Keyword",
        "filename": ".planning/quick/96-refactor-manage-agents-cjs-to-extract-pu/96-PLAN.md",
        "hashed_secret": "32df82dccdd26b62d92eaefa9ccc2550d5ec96bd",
        "is_verified": false,
        "line_number": 91
      },
      {
        "type": "Base64 High Entropy String",
        "filename": ".planning/quick/96-refactor-manage-agents-cjs-to-extract-pu/96-PLAN.md",
        "hashed_secret": "9f08064bf7140dd215badead0214265fa6a1639f",
        "is_verified": false,
        "line_number": 158
      },
      {
        "type": "Secret Keyword",
        "filename": ".planning/quick/96-refactor-manage-agents-cjs-to-extract-pu/96-PLAN.md",
        "hashed_secret": "380653fc1e1344144c6374d9cc14754bf51a5eed",
        "is_verified": false,
        "line_number": 178
      }
    ],
    ".planning/quorum/debates/2026-04-01-claude-1-do-the-formal-models-tla-alloy-prism-of-the-nforma.md": [
      {
        "type": "Base64 High Entropy String",
        "filename": ".planning/quorum/debates/2026-04-01-claude-1-do-the-formal-models-tla-alloy-prism-of-the-nforma.md",
        "hashed_secret": "4050d9e2cd4b45a66a0a236d67b0243f75758cf0",
        "is_verified": false,
        "line_number": 7
      }
    ],
    "bin/auth-drivers/simple.test.cjs": [
      {
        "type": "Secret Keyword",
        "filename": "bin/auth-drivers/simple.test.cjs",
        "hashed_secret": "cba7d8d926ee837cf3f92636a6d1cd0eb397db64",
        "is_verified": false,
        "line_number": 110
      }
    ],
    "bin/ccr-secure-config.test.cjs": [
      {
        "type": "Secret Keyword",
        "filename": "bin/ccr-secure-config.test.cjs",
        "hashed_secret": "7a926f1e020679b0fa14698b7c0bb22ae3015756",
        "is_verified": false,
        "line_number": 244
      },
      {
        "type": "Secret Keyword",
        "filename": "bin/ccr-secure-config.test.cjs",
        "hashed_secret": "edf71c994698abbdfc893cb8310f7db5572a26f9",
        "is_verified": false,
        "line_number": 245
      },
      {
        "type": "Secret Keyword",
        "filename": "bin/ccr-secure-config.test.cjs",
        "hashed_secret": "f397e4a0fd4d881c4c53969a8f49449807df56a3",
        "is_verified": false,
        "line_number": 246
      },
      {
        "type": "Secret Keyword",
        "filename": "bin/ccr-secure-config.test.cjs",
        "hashed_secret": "c00dbbc9dadfbe1e232e93a729dd4752fade0abf",
        "is_verified": false,
        "line_number": 302
      },
      {
        "type": "Secret Keyword",
        "filename": "bin/ccr-secure-config.test.cjs",
        "hashed_secret": "500d939f06c0697b35b8b0fc1297991f3d67da72",
        "is_verified": false,
        "line_number": 326
      },
      {
        "type": "Secret Keyword",
        "filename": "bin/ccr-secure-config.test.cjs",
        "hashed_secret": "c520b8ac8b40fc0b45f3dab1840043f5d30baefd",
        "is_verified": false,
        "line_number": 349
      },
      {
        "type": "Secret Keyword",
        "filename": "bin/ccr-secure-config.test.cjs",
        "hashed_secret": "950bf1b85f12ee1507056c5959ab6585a15e960b",
        "is_verified": false,
        "line_number": 350
      },
      {
        "type": "Secret Keyword",
        "filename": "bin/ccr-secure-config.test.cjs",
        "hashed_secret": "87fe9a8580c8c767c0a7eb3e09c00421f068a967",
        "is_verified": false,
        "line_number": 572
      },
      {
        "type": "Secret Keyword",
        "filename": "bin/ccr-secure-config.test.cjs",
        "hashed_secret": "67ede8a641e07c6cb3a51e010f4eb2fbb4596360",
        "is_verified": false,
        "line_number": 573
      }
    ],
    "bin/check-trace-redaction.test.cjs": [
      {
        "type": "Secret Keyword",
        "filename": "bin/check-trace-redaction.test.cjs",
        "hashed_secret": "f2b14f68eb995facb3a1c35287b778d5bd785511",
        "is_verified": false,
        "line_number": 34
      },
      {
        "type": "AWS Access Key",
        "filename": "bin/check-trace-redaction.test.cjs",
        "hashed_secret": "25910f981e85ca04baf359199dd0bd4a3ae738b6",
        "is_verified": false,
        "line_number": 45
      }
    ],
    "bin/debt-dedup.test.cjs": [
      {
        "type": "Hex High Entropy String",
        "filename": "bin/debt-dedup.test.cjs",
        "hashed_secret": "323b5f30fd46dcaeeb6aed6df873b62cf585861f",
        "is_verified": false,
        "line_number": 9
      }
    ],
    "bin/debt-ledger.test.cjs": [
      {
        "type": "Hex High Entropy String",
        "filename": "bin/debt-ledger.test.cjs",
        "hashed_secret": "320d93a51cf4ffd93c5805522801d8c8c2dfb0f4",
        "is_verified": false,
        "line_number": 280
      },
      {
        "type": "Hex High Entropy String",
        "filename": "bin/debt-ledger.test.cjs",
        "hashed_secret": "c1d38cd8897d341561bdbf86023d8fb57be0d9d3",
        "is_verified": false,
        "line_number": 319
      },
      {
        "type": "Hex High Entropy String",
        "filename": "bin/debt-ledger.test.cjs",
        "hashed_secret": "bc4d95c6866bec7b29eec5a41a7deb0c6795a979",
        "is_verified": false,
        "line_number": 358
      },
      {
        "type": "Hex High Entropy String",
        "filename": "bin/debt-ledger.test.cjs",
        "hashed_secret": "359e3f61b9980a7e2c0136d010260b05ab085221",
        "is_verified": false,
        "line_number": 400
      },
      {
        "type": "Hex High Entropy String",
        "filename": "bin/debt-ledger.test.cjs",
        "hashed_secret": "75ec05c91425ef400616bbd88a3f6c8dc0dd2f17",
        "is_verified": false,
        "line_number": 459
      },
      {
        "type": "Hex High Entropy String",
        "filename": "bin/debt-ledger.test.cjs",
        "hashed_secret": "bb3f2f1fdb4346a79d1be2b683b25bb996bf60c4",
        "is_verified": false,
        "line_number": 499
      }
    ],
    "bin/debt-state-machine.test.cjs": [
      {
        "type": "Hex High Entropy String",
        "filename": "bin/debt-state-machine.test.cjs",
        "hashed_secret": "4610e9a827049f059bc72b0ce9833625ca6cae13",
        "is_verified": false,
        "line_number": 76
      }
    ],
    "bin/formal-ref-linker.test.cjs": [
      {
        "type": "Hex High Entropy String",
        "filename": "bin/formal-ref-linker.test.cjs",
        "hashed_secret": "323b5f30fd46dcaeeb6aed6df873b62cf585861f",
        "is_verified": false,
        "line_number": 12
      }
    ],
    "bin/manage-agents-core.cjs": [
      {
        "type": "Secret Keyword",
        "filename": "bin/manage-agents-core.cjs",
        "hashed_secret": "32df82dccdd26b62d92eaefa9ccc2550d5ec96bd",
        "is_verified": false,
        "line_number": 406
      }
    ],
    "bin/manage-agents.test.cjs": [
      {
        "type": "Base64 High Entropy String",
        "filename": "bin/manage-agents.test.cjs",
        "hashed_secret": "9f08064bf7140dd215badead0214265fa6a1639f",
        "is_verified": false,
        "line_number": 57
      },
      {
        "type": "Secret Keyword",
        "filename": "bin/manage-agents.test.cjs",
        "hashed_secret": "637487c884f6dd9a4a638fab826509cfdba90fa9",
        "is_verified": false,
        "line_number": 128
      },
      {
        "type": "Secret Keyword",
        "filename": "bin/manage-agents.test.cjs",
        "hashed_secret": "666c100dab549a6f56da7da546bd848ed5086541",
        "is_verified": false,
        "line_number": 136
      },
      {
        "type": "Secret Keyword",
        "filename": "bin/manage-agents.test.cjs",
        "hashed_secret": "32df82dccdd26b62d92eaefa9ccc2550d5ec96bd",
        "is_verified": false,
        "line_number": 149
      },
      {
        "type": "Secret Keyword",
        "filename": "bin/manage-agents.test.cjs",
        "hashed_secret": "13951588fd3325e25ed1e3b116d7009fb221c85e",
        "is_verified": false,
        "line_number": 414
      },
      {
        "type": "Secret Keyword",
        "filename": "bin/manage-agents.test.cjs",
        "hashed_secret": "a4d9898958973805c7a28691b1fc183d40144188",
        "is_verified": false,
        "line_number": 449
      },
      {
        "type": "Secret Keyword",
        "filename": "bin/manage-agents.test.cjs",
        "hashed_secret": "e0538dbde0484e599b41a65cc6a9d443b5011520",
        "is_verified": false,
        "line_number": 1428
      },
      {
        "type": "Secret Keyword",
        "filename": "bin/manage-agents.test.cjs",
        "hashed_secret": "05b320f6e1147eb9dca51fd088b5f449aa1d0f8a",
        "is_verified": false,
        "line_number": 1500
      },
      {
        "type": "Secret Keyword",
        "filename": "bin/manage-agents.test.cjs",
        "hashed_secret": "d503c694c0e762d786079a3f8bd6df32de508a9b",
        "is_verified": false,
        "line_number": 1529
      }
    ],
    "bin/providers.json": [
      {
        "type": "Secret Keyword",
        "filename": "bin/providers.json",
        "hashed_secret": "c8f16a194efc59559549c7bd69f7bea038742e79",
        "is_verified": false,
        "line_number": 1043
      }
    ],
    "bin/quorum-slot-dispatch.test.cjs": [
      {
        "type": "Hex High Entropy String",
        "filename": "bin/quorum-slot-dispatch.test.cjs",
        "hashed_secret": "71e6451ec62776057a355cba708a135319c6b000",
        "is_verified": false,
        "line_number": 907
      },
      {
        "type": "Hex High Entropy String",
        "filename": "bin/quorum-slot-dispatch.test.cjs",
        "hashed_secret": "e8e6c2284ab5bee4de2ee53880c8fc2a4728d3e8",
        "is_verified": false,
        "line_number": 924
      }
    ],
    "bin/secrets.cjs": [
      {
        "type": "Secret Keyword",
        "filename": "bin/secrets.cjs",
        "hashed_secret": "a85f18261c0688f38dd4067dd7f5757804e2750b",
        "is_verified": false,
        "line_number": 131
      },
      {
        "type": "Secret Keyword",
        "filename": "bin/secrets.cjs",
        "hashed_secret": "e349e118d28bef000322652a8ed03b08a3302e3f",
        "is_verified": false,
        "line_number": 132
      },
      {
        "type": "Secret Keyword",
        "filename": "bin/secrets.cjs",
        "hashed_secret": "9034ff9e2b8f00b47a44dfaf3c2a37176c101e2a",
        "is_verified": false,
        "line_number": 133
      }
    ],
    "bin/secrets.test.cjs": [
      {
        "type": "Secret Keyword",
        "filename": "bin/secrets.test.cjs",
        "hashed_secret": "5e6e4c0fb8ef47b4f1d6eea3e6c51152dbee94ec",
        "is_verified": false,
        "line_number": 112
      },
      {
        "type": "Secret Keyword",
        "filename": "bin/secrets.test.cjs",
        "hashed_secret": "e64de66831dfa277526cb9e606873c7e52c3d8ae",
        "is_verified": false,
        "line_number": 289
      },
      {
        "type": "Secret Keyword",
        "filename": "bin/secrets.test.cjs",
        "hashed_secret": "9a401c79a1218a175acc5f928112ba05acea1a7a",
        "is_verified": false,
        "line_number": 299
      },
      {
        "type": "Secret Keyword",
        "filename": "bin/secrets.test.cjs",
        "hashed_secret": "39f69c278f46165447f30d10acf54277aaa3d5fc",
        "is_verified": false,
        "line_number": 372
      },
      {
        "type": "Secret Keyword",
        "filename": "bin/secrets.test.cjs",
        "hashed_secret": "dbdab9be92cacdae6a97e8601332bfaa8545800f",
        "is_verified": false,
        "line_number": 538
      },
      {
        "type": "Secret Keyword",
        "filename": "bin/secrets.test.cjs",
        "hashed_secret": "98891fc9dbc4d7280cdce028669844d1942a5469",
        "is_verified": false,
        "line_number": 543
      },
      {
        "type": "Secret Keyword",
        "filename": "bin/secrets.test.cjs",
        "hashed_secret": "c00dbbc9dadfbe1e232e93a729dd4752fade0abf",
        "is_verified": false,
        "line_number": 621
      },
      {
        "type": "Secret Keyword",
        "filename": "bin/secrets.test.cjs",
        "hashed_secret": "45f59165e0a7cf6ec63585f8c9416e0f195e6d4e",
        "is_verified": false,
        "line_number": 643
      },
      {
        "type": "Secret Keyword",
        "filename": "bin/secrets.test.cjs",
        "hashed_secret": "a5da8a8a5117c79b4aba6029982d00f616dd1b30",
        "is_verified": false,
        "line_number": 644
      },
      {
        "type": "Secret Keyword",
        "filename": "bin/secrets.test.cjs",
        "hashed_secret": "f397e4a0fd4d881c4c53969a8f49449807df56a3",
        "is_verified": false,
        "line_number": 727
      },
      {
        "type": "Secret Keyword",
        "filename": "bin/secrets.test.cjs",
        "hashed_secret": "795294de5923e6d8e21b9b5a0595a1f21980914a",
        "is_verified": false,
        "line_number": 728
      },
      {
        "type": "Secret Keyword",
        "filename": "bin/secrets.test.cjs",
        "hashed_secret": "552e7f2560b093e833fb1d286ad3557a2ba3a2fa",
        "is_verified": false,
        "line_number": 786
      },
      {
        "type": "Secret Keyword",
        "filename": "bin/secrets.test.cjs",
        "hashed_secret": "7876affe5a6bb6688c659b452fe9d81d4125d21f",
        "is_verified": false,
        "line_number": 787
      }
    ],
    "bin/security-sweep.test.cjs": [
      {
        "type": "AWS Access Key",
        "filename": "bin/security-sweep.test.cjs",
        "hashed_secret": "3c76d2abd56878fe1834ff711a3a60e83af48849",
        "is_verified": false,
        "line_number": 138
      }
    ],
    "bin/unified-mcp-server.mjs": [
      {
        "type": "Secret Keyword",
        "filename": "bin/unified-mcp-server.mjs",
        "hashed_secret": "f8ca0d7266886f4b5be9adddc9b66017b3bf1a4b",
        "is_verified": false,
        "line_number": 473
      },
      {
        "type": "Secret Keyword",
        "filename": "bin/unified-mcp-server.mjs",
        "hashed_secret": "138901a352fddde83a010e609f2091c5ebaad7bd",
        "is_verified": false,
        "line_number": 903
      }
    ],
    "bin/validate-debt-entry.test.cjs": [
      {
        "type": "Hex High Entropy String",
        "filename": "bin/validate-debt-entry.test.cjs",
        "hashed_secret": "4610e9a827049f059bc72b0ce9833625ca6cae13",
        "is_verified": false,
        "line_number": 10
      }
    ],
    "bin/validate-requirements-haiku.test.cjs": [
      {
        "type": "Secret Keyword",
        "filename": "bin/validate-requirements-haiku.test.cjs",
        "hashed_secret": "9139236dfe89960fee34d53b6089795fe376682e",
        "is_verified": false,
        "line_number": 263
      }
    ]
  },
  "generated_at": "2026-04-06T08:20:00Z"
}
