{
  "version": "1.5.0",
  "plugins_used": [
    {
      "name": "ArtifactoryDetector"
    },
    {
      "name": "AWSKeyDetector"
    },
    {
      "name": "AzureStorageKeyDetector"
    },
    {
      "name": "Base64HighEntropyString",
      "limit": 4.5
    },
    {
      "name": "BasicAuthDetector"
    },
    {
      "name": "CloudantDetector"
    },
    {
      "name": "DiscordBotTokenDetector"
    },
    {
      "name": "GitHubTokenDetector"
    },
    {
      "name": "GitLabTokenDetector"
    },
    {
      "name": "HexHighEntropyString",
      "limit": 3.0
    },
    {
      "name": "IbmCloudIamDetector"
    },
    {
      "name": "IbmCosHmacDetector"
    },
    {
      "name": "IPPublicDetector"
    },
    {
      "name": "JwtTokenDetector"
    },
    {
      "name": "KeywordDetector",
      "keyword_exclude": ""
    },
    {
      "name": "MailchimpDetector"
    },
    {
      "name": "NpmDetector"
    },
    {
      "name": "OpenAIDetector"
    },
    {
      "name": "PrivateKeyDetector"
    },
    {
      "name": "PypiTokenDetector"
    },
    {
      "name": "SendGridDetector"
    },
    {
      "name": "SlackDetector"
    },
    {
      "name": "SoftlayerDetector"
    },
    {
      "name": "SquareOAuthDetector"
    },
    {
      "name": "StripeDetector"
    },
    {
      "name": "TelegramBotTokenDetector"
    },
    {
      "name": "TwilioKeyDetector"
    }
  ],
  "filters_used": [
    {
      "path": "detect_secrets.filters.allowlist.is_line_allowlisted"
    },
    {
      "path": "detect_secrets.filters.common.is_ignored_due_to_verification_policies",
      "min_level": 2
    },
    {
      "path": "detect_secrets.filters.heuristic.is_indirect_reference"
    },
    {
      "path": "detect_secrets.filters.heuristic.is_likely_id_string"
    },
    {
      "path": "detect_secrets.filters.heuristic.is_lock_file"
    },
    {
      "path": "detect_secrets.filters.heuristic.is_not_alphanumeric_string"
    },
    {
      "path": "detect_secrets.filters.heuristic.is_potential_uuid"
    },
    {
      "path": "detect_secrets.filters.heuristic.is_prefixed_with_dollar_sign"
    },
    {
      "path": "detect_secrets.filters.heuristic.is_sequential_string"
    },
    {
      "path": "detect_secrets.filters.heuristic.is_swagger_file"
    },
    {
      "path": "detect_secrets.filters.heuristic.is_templated_secret"
    }
  ],
  "results": {
    ".planning/formal/acknowledged-false-positives.json": [
      {
        "type": "Hex High Entropy String",
        "filename": ".planning/formal/acknowledged-false-positives.json",
        "hashed_secret": "4aa58e033b0ac84fc3d9ae83d46f73510521e8a9",
        "is_verified": false,
        "line_number": 386
      },
      {
        "type": "Hex High Entropy String",
        "filename": ".planning/formal/acknowledged-false-positives.json",
        "hashed_secret": "60eabe87d2edff77fc143331f2658771bb20f88b",
        "is_verified": false,
        "line_number": 392
      },
      {
        "type": "Hex High Entropy String",
        "filename": ".planning/formal/acknowledged-false-positives.json",
        "hashed_secret": "7c3e647c024492abc695e55118c2f7d9630ad243",
        "is_verified": false,
        "line_number": 398
      },
      {
        "type": "Hex High Entropy String",
        "filename": ".planning/formal/acknowledged-false-positives.json",
        "hashed_secret": "92feabd78dc11519017f249903e56a726af8b769",
        "is_verified": false,
        "line_number": 404
      },
      {
        "type": "Hex High Entropy String",
        "filename": ".planning/formal/acknowledged-false-positives.json",
        "hashed_secret": "4c8849bd1823f5b334205715aa3a4006cdf11ca0",
        "is_verified": false,
        "line_number": 410
      },
      {
        "type": "Hex High Entropy String",
        "filename": ".planning/formal/acknowledged-false-positives.json",
        "hashed_secret": "0504b75d79f0aa2b9166c07bae0c761561a35fb1",
        "is_verified": false,
        "line_number": 416
      },
      {
        "type": "Hex High Entropy String",
        "filename": ".planning/formal/acknowledged-false-positives.json",
        "hashed_secret": "98a23488701d9be112b7850e35236f3c96b3f1a8",
        "is_verified": false,
        "line_number": 422
      },
      {
        "type": "Hex High Entropy String",
        "filename": ".planning/formal/acknowledged-false-positives.json",
        "hashed_secret": "e18f6ae588492209316da3fdd5f39fdb7a00c658",
        "is_verified": false,
        "line_number": 434
      },
      {
        "type": "Hex High Entropy String",
        "filename": ".planning/formal/acknowledged-false-positives.json",
        "hashed_secret": "fa6b44c03ea13db1d56025d4ceeaef67e791292f",
        "is_verified": false,
        "line_number": 440
      },
      {
        "type": "Hex High Entropy String",
        "filename": ".planning/formal/acknowledged-false-positives.json",
        "hashed_secret": "9806528e6d23be56c69218c86451eed84cefc036",
        "is_verified": false,
        "line_number": 446
      },
      {
        "type": "Hex High Entropy String",
        "filename": ".planning/formal/acknowledged-false-positives.json",
        "hashed_secret": "474411d21e93b5c565009c8ca0f4369378db604b",
        "is_verified": false,
        "line_number": 452
      },
      {
        "type": "Hex High Entropy String",
        "filename": ".planning/formal/acknowledged-false-positives.json",
        "hashed_secret": "167cd7bdea78dc337de3599c8bfc4da88e89c0cf",
        "is_verified": false,
        "line_number": 464
      },
      {
        "type": "Hex High Entropy String",
        "filename": ".planning/formal/acknowledged-false-positives.json",
        "hashed_secret": "3534e3e43a135a912fefc1885cdb583da9f50620",
        "is_verified": false,
        "line_number": 482
      },
      {
        "type": "Hex High Entropy String",
        "filename": ".planning/formal/acknowledged-false-positives.json",
        "hashed_secret": "28cf07971539ca857c169d3c09fa5b578e526853",
        "is_verified": false,
        "line_number": 488
      }
    ],
    ".planning/formal/archived-solve-items.json": [
      {
        "type": "Hex High Entropy String",
        "filename": ".planning/formal/archived-solve-items.json",
        "hashed_secret": "167cd7bdea78dc337de3599c8bfc4da88e89c0cf",
        "is_verified": false,
        "line_number": 196
      }
    ],
    ".planning/formal/generated-stubs/PORT-01.stub.test.js": [
      {
        "type": "Secret Keyword",
        "filename": ".planning/formal/generated-stubs/PORT-01.stub.test.js",
        "hashed_secret": "bce7db7692aea31b3d05c5a9ada07dbcba9d9cb0",
        "is_verified": false,
        "line_number": 14
      },
      {
        "type": "Secret Keyword",
        "filename": ".planning/formal/generated-stubs/PORT-01.stub.test.js",
        "hashed_secret": "5c5a15a8b0b3e154d77746945e563ba40100681b",
        "is_verified": false,
        "line_number": 15
      },
      {
        "type": "Secret Keyword",
        "filename": ".planning/formal/generated-stubs/PORT-01.stub.test.js",
        "hashed_secret": "f3bbbd66a63d4bf1747940578ec3d0103530e21d",
        "is_verified": false,
        "line_number": 17
      },
      {
        "type": "Secret Keyword",
        "filename": ".planning/formal/generated-stubs/PORT-01.stub.test.js",
        "hashed_secret": "bc1068261a609651084c32c96e95b16d4e5c1ab4",
        "is_verified": false,
        "line_number": 32
      }
    ],
    ".planning/formal/generated-stubs/REDACT-01.stub.test.js": [
      {
        "type": "Secret Keyword",
        "filename": ".planning/formal/generated-stubs/REDACT-01.stub.test.js",
        "hashed_secret": "18176482d2532398c7b84c22c6f8d2e59e55505c",
        "is_verified": false,
        "line_number": 28
      }
    ],
    ".planning/formal/requirements.json": [
      {
        "type": "Hex High Entropy String",
        "filename": ".planning/formal/requirements.json",
        "hashed_secret": "8f2de2e5ebcadafad4ca4713872eac4237831a4a",
        "is_verified": false,
        "line_number": 3
      }
    ],
    ".planning/formal/solve-classifications.json": [
      {
        "type": "Hex High Entropy String",
        "filename": ".planning/formal/solve-classifications.json",
        "hashed_secret": "60eabe87d2edff77fc143331f2658771bb20f88b",
        "is_verified": false,
        "line_number": 44
      }
    ],
    ".planning/milestones/v0.10-phases/v0.10-02-presets-and-cloning/v0.10-02-01-PLAN.md": [
      {
        "type": "Secret Keyword",
        "filename": ".planning/milestones/v0.10-phases/v0.10-02-presets-and-cloning/v0.10-02-01-PLAN.md",
        "hashed_secret": "13951588fd3325e25ed1e3b116d7009fb221c85e",
        "is_verified": false,
        "line_number": 164
      },
      {
        "type": "Secret Keyword",
        "filename": ".planning/milestones/v0.10-phases/v0.10-02-presets-and-cloning/v0.10-02-01-PLAN.md",
        "hashed_secret": "a4d9898958973805c7a28691b1fc183d40144188",
        "is_verified": false,
        "line_number": 197
      }
    ],
    ".planning/milestones/v0.10-phases/v0.10-06-import-export/v0.10-06-01-PLAN.md": [
      {
        "type": "Secret Keyword",
        "filename": ".planning/milestones/v0.10-phases/v0.10-06-import-export/v0.10-06-01-PLAN.md",
        "hashed_secret": "e0538dbde0484e599b41a65cc6a9d443b5011520",
        "is_verified": false,
        "line_number": 123
      },
      {
        "type": "Secret Keyword",
        "filename": ".planning/milestones/v0.10-phases/v0.10-06-import-export/v0.10-06-01-PLAN.md",
        "hashed_secret": "05b320f6e1147eb9dca51fd088b5f449aa1d0f8a",
        "is_verified": false,
        "line_number": 198
      }
    ],
    ".planning/milestones/v0.19-phases/v0.19-04-enforcement-layer/v0.19-04-01-PLAN.md": [
      {
        "type": "Secret Keyword",
        "filename": ".planning/milestones/v0.19-phases/v0.19-04-enforcement-layer/v0.19-04-01-PLAN.md",
        "hashed_secret": "f2b14f68eb995facb3a1c35287b778d5bd785511",
        "is_verified": false,
        "line_number": 166
      },
      {
        "type": "AWS Access Key",
        "filename": ".planning/milestones/v0.19-phases/v0.19-04-enforcement-layer/v0.19-04-01-PLAN.md",
        "hashed_secret": "25910f981e85ca04baf359199dd0bd4a3ae738b6",
        "is_verified": false,
        "line_number": 167
      },
      {
        "type": "Secret Keyword",
        "filename": ".planning/milestones/v0.19-phases/v0.19-04-enforcement-layer/v0.19-04-01-PLAN.md",
        "hashed_secret": "06aa51610affb11bbfd66a85b7633df97c8aa7a9",
        "is_verified": false,
        "line_number": 171
      }
    ],
    ".planning/milestones/v0.26-phases/v0.26-03-portable-installer-presets/v0.26-03-01-PLAN.md": [
      {
        "type": "Secret Keyword",
        "filename": ".planning/milestones/v0.26-phases/v0.26-03-portable-installer-presets/v0.26-03-01-PLAN.md",
        "hashed_secret": "e0538dbde0484e599b41a65cc6a9d443b5011520",
        "is_verified": false,
        "line_number": 75
      }
    ],
    ".planning/milestones/v0.28-phases/v0.28-04-safety-diagnostics-security-sweep-session-state-harness-diagnostics/v0.28-04-01-PLAN.md": [
      {
        "type": "AWS Access Key",
        "filename": ".planning/milestones/v0.28-phases/v0.28-04-safety-diagnostics-security-sweep-session-state-harness-diagnostics/v0.28-04-01-PLAN.md",
        "hashed_secret": "25910f981e85ca04baf359199dd0bd4a3ae738b6",
        "is_verified": false,
        "line_number": 155
      },
      {
        "type": "GitHub Token",
        "filename": ".planning/milestones/v0.28-phases/v0.28-04-safety-diagnostics-security-sweep-session-state-harness-diagnostics/v0.28-04-01-PLAN.md",
        "hashed_secret": "e175c6f5f2a92e8623bd9a4820edb4e8c1b0fd10",
        "is_verified": false,
        "line_number": 156
      },
      {
        "type": "Base64 High Entropy String",
        "filename": ".planning/milestones/v0.28-phases/v0.28-04-safety-diagnostics-security-sweep-session-state-harness-diagnostics/v0.28-04-01-PLAN.md",
        "hashed_secret": "1b4459d748f5732c97257b017dcff2dfd157db9b",
        "is_verified": false,
        "line_number": 161
      },
      {
        "type": "Hex High Entropy String",
        "filename": ".planning/milestones/v0.28-phases/v0.28-04-safety-diagnostics-security-sweep-session-state-harness-diagnostics/v0.28-04-01-PLAN.md",
        "hashed_secret": "90bd1b48e958257948487b90bee080ba5ed00caa",
        "is_verified": false,
        "line_number": 163
      },
      {
        "type": "Secret Keyword",
        "filename": ".planning/milestones/v0.28-phases/v0.28-04-safety-diagnostics-security-sweep-session-state-harness-diagnostics/v0.28-04-01-PLAN.md",
        "hashed_secret": "90bd1b48e958257948487b90bee080ba5ed00caa",
        "is_verified": false,
        "line_number": 163
      }
    ],
    ".planning/milestones/v0.31-phases/v0.31-02-runtime-safety-boundaries/v0.31-02-RESEARCH.md": [
      {
        "type": "Hex High Entropy String",
        "filename": ".planning/milestones/v0.31-phases/v0.31-02-runtime-safety-boundaries/v0.31-02-RESEARCH.md",
        "hashed_secret": "dc86912c8e4c43e215b55137c16f16eb8ddac33c",
        "is_verified": false,
        "line_number": 78
      }
    ],
    ".planning/phases/v0.31-02-runtime-safety-boundaries/v0.31-02-RESEARCH.md": [
      {
        "type": "Hex High Entropy String",
        "filename": ".planning/phases/v0.31-02-runtime-safety-boundaries/v0.31-02-RESEARCH.md",
        "hashed_secret": "dc86912c8e4c43e215b55137c16f16eb8ddac33c",
        "is_verified": false,
        "line_number": 78
      }
    ],
    ".planning/quick/341-anti-self-answer-guard-for-quorum-slot-w/341-PLAN.md": [
      {
        "type": "Hex High Entropy String",
        "filename": ".planning/quick/341-anti-self-answer-guard-for-quorum-slot-w/341-PLAN.md",
        "hashed_secret": "71e6451ec62776057a355cba708a135319c6b000",
        "is_verified": false,
        "line_number": 214
      },
      {
        "type": "Hex High Entropy String",
        "filename": ".planning/quick/341-anti-self-answer-guard-for-quorum-slot-w/341-PLAN.md",
        "hashed_secret": "e8e6c2284ab5bee4de2ee53880c8fc2a4728d3e8",
        "is_verified": false,
        "line_number": 237
      }
    ],
    ".planning/quick/71-extend-unified-mcp-server-with-http-tran/71-PLAN.md": [
      {
        "type": "Secret Keyword",
        "filename": ".planning/quick/71-extend-unified-mcp-server-with-http-tran/71-PLAN.md",
        "hashed_secret": "4007f57192fb0939e4b0e7c55eaf6de7c78a68d3",
        "is_verified": false,
        "line_number": 92
      },
      {
        "type": "Secret Keyword",
        "filename": ".planning/quick/71-extend-unified-mcp-server-with-http-tran/71-PLAN.md",
        "hashed_secret": "c8f16a194efc59559549c7bd69f7bea038742e79",
        "is_verified": false,
        "line_number": 94
      },
      {
        "type": "Secret Keyword",
        "filename": ".planning/quick/71-extend-unified-mcp-server-with-http-tran/71-PLAN.md",
        "hashed_secret": "877ae368395eca61a0d7667c45101f061ed399cd",
        "is_verified": false,
        "line_number": 95
      }
    ],
    ".planning/quick/88-build-interactive-node-js-cli-interface-/88-PLAN.md": [
      {
        "type": "Secret Keyword",
        "filename": ".planning/quick/88-build-interactive-node-js-cli-interface-/88-PLAN.md",
        "hashed_secret": "c71d25deb88257d50626c1ba804a9b7d585e58d8",
        "is_verified": false,
        "line_number": 68
      }
    ],
    ".planning/quick/92-claude-1-6-should-use-a-real-claude-code/92-PLAN.md": [
      {
        "type": "Base64 High Entropy String",
        "filename": ".planning/quick/92-claude-1-6-should-use-a-real-claude-code/92-PLAN.md",
        "hashed_secret": "ddcb1544ae70290d34a7ee92d745e395e50c3688",
        "is_verified": false,
        "line_number": 96
      },
      {
        "type": "Secret Keyword",
        "filename": ".planning/quick/92-claude-1-6-should-use-a-real-claude-code/92-PLAN.md",
        "hashed_secret": "ddcb1544ae70290d34a7ee92d745e395e50c3688",
        "is_verified": false,
        "line_number": 96
      }
    ],
    ".planning/quick/94-i-want-to-find-the-right-balance-between/94-PLAN.md": [
      {
        "type": "Secret Keyword",
        "filename": ".planning/quick/94-i-want-to-find-the-right-balance-between/94-PLAN.md",
        "hashed_secret": "32df82dccdd26b62d92eaefa9ccc2550d5ec96bd",
        "is_verified": false,
        "line_number": 167
      }
    ],
    ".planning/quick/96-refactor-manage-agents-cjs-to-extract-pu/96-PLAN.md": [
      {
        "type": "Secret Keyword",
        "filename": ".planning/quick/96-refactor-manage-agents-cjs-to-extract-pu/96-PLAN.md",
        "hashed_secret": "32df82dccdd26b62d92eaefa9ccc2550d5ec96bd",
        "is_verified": false,
        "line_number": 91
      },
      {
        "type": "Base64 High Entropy String",
        "filename": ".planning/quick/96-refactor-manage-agents-cjs-to-extract-pu/96-PLAN.md",
        "hashed_secret": "9f08064bf7140dd215badead0214265fa6a1639f",
        "is_verified": false,
        "line_number": 158
      },
      {
        "type": "Secret Keyword",
        "filename": ".planning/quick/96-refactor-manage-agents-cjs-to-extract-pu/96-PLAN.md",
        "hashed_secret": "380653fc1e1344144c6374d9cc14754bf51a5eed",
        "is_verified": false,
        "line_number": 178
      }
    ],
    ".planning/quorum/debates/2026-04-01-claude-1-do-the-formal-models-tla-alloy-prism-of-the-nforma.md": [
      {
        "type": "Base64 High Entropy String",
        "filename": ".planning/quorum/debates/2026-04-01-claude-1-do-the-formal-models-tla-alloy-prism-of-the-nforma.md",
        "hashed_secret": "4050d9e2cd4b45a66a0a236d67b0243f75758cf0",
        "is_verified": false,
        "line_number": 7
      }
    ],
    ".secrets.baseline": [
      {
        "type": "Hex High Entropy String",
        "filename": ".secrets.baseline",
        "hashed_secret": "abdb76eefab043fa976871cc7459559fad03465a",
        "is_verified": false,
        "line_number": 134
      },
      {
        "type": "Secret Keyword",
        "filename": ".secrets.baseline",
        "hashed_secret": "abdb76eefab043fa976871cc7459559fad03465a",
        "is_verified": false,
        "line_number": 134
      },
      {
        "type": "Hex High Entropy String",
        "filename": ".secrets.baseline",
        "hashed_secret": "4bd3527f60b2f7beb2fab12a46484a5502a0b1d9",
        "is_verified": false,
        "line_number": 141
      },
      {
        "type": "Secret Keyword",
        "filename": ".secrets.baseline",
        "hashed_secret": "4bd3527f60b2f7beb2fab12a46484a5502a0b1d9",
        "is_verified": false,
        "line_number": 141
      },
      {
        "type": "Hex High Entropy String",
        "filename": ".secrets.baseline",
        "hashed_secret": "1b002c01ce658b89a559cfabeadd7cb5d942310a",
        "is_verified": false,
        "line_number": 148
      },
      {
        "type": "Secret Keyword",
        "filename": ".secrets.baseline",
        "hashed_secret": "1b002c01ce658b89a559cfabeadd7cb5d942310a",
        "is_verified": false,
        "line_number": 148
      },
      {
        "type": "Hex High Entropy String",
        "filename": ".secrets.baseline",
        "hashed_secret": "157b6e11fec7e144dcd382c681373fc0aeadad93",
        "is_verified": false,
        "line_number": 155
      },
      {
        "type": "Secret Keyword",
        "filename": ".secrets.baseline",
        "hashed_secret": "157b6e11fec7e144dcd382c681373fc0aeadad93",
        "is_verified": false,
        "line_number": 155
      },
      {
        "type": "Hex High Entropy String",
        "filename": ".secrets.baseline",
        "hashed_secret": "4e8dad1db13c607b3e092f5e5b0e9a193e111258",
        "is_verified": false,
        "line_number": 162
      },
      {
        "type": "Secret Keyword",
        "filename": ".secrets.baseline",
        "hashed_secret": "4e8dad1db13c607b3e092f5e5b0e9a193e111258",
        "is_verified": false,
        "line_number": 162
      },
      {
        "type": "Hex High Entropy String",
        "filename": ".secrets.baseline",
        "hashed_secret": "08ac0db0184ad3b2c289bc9b78545c0c87795c3d",
        "is_verified": false,
        "line_number": 169
      },
      {
        "type": "Secret Keyword",
        "filename": ".secrets.baseline",
        "hashed_secret": "08ac0db0184ad3b2c289bc9b78545c0c87795c3d",
        "is_verified": false,
        "line_number": 169
      },
      {
        "type": "Hex High Entropy String",
        "filename": ".secrets.baseline",
        "hashed_secret": "ce9c26c602433b42266baad52f9e257017dfdc92",
        "is_verified": false,
        "line_number": 176
      },
      {
        "type": "Secret Keyword",
        "filename": ".secrets.baseline",
        "hashed_secret": "ce9c26c602433b42266baad52f9e257017dfdc92",
        "is_verified": false,
        "line_number": 176
      },
      {
        "type": "Hex High Entropy String",
        "filename": ".secrets.baseline",
        "hashed_secret": "69641391a26d823f9826314dfda39da10d3b56ca",
        "is_verified": false,
        "line_number": 183
      },
      {
        "type": "Secret Keyword",
        "filename": ".secrets.baseline",
        "hashed_secret": "69641391a26d823f9826314dfda39da10d3b56ca",
        "is_verified": false,
        "line_number": 183
      },
      {
        "type": "Hex High Entropy String",
        "filename": ".secrets.baseline",
        "hashed_secret": "8039a2189e52c3f59eeae8899531626cf7c9a6fa",
        "is_verified": false,
        "line_number": 190
      },
      {
        "type": "Secret Keyword",
        "filename": ".secrets.baseline",
        "hashed_secret": "8039a2189e52c3f59eeae8899531626cf7c9a6fa",
        "is_verified": false,
        "line_number": 190
      },
      {
        "type": "Hex High Entropy String",
        "filename": ".secrets.baseline",
        "hashed_secret": "8b5de443c4ae2be78423d1ea294b93ca0048ea66",
        "is_verified": false,
        "line_number": 197
      },
      {
        "type": "Secret Keyword",
        "filename": ".secrets.baseline",
        "hashed_secret": "8b5de443c4ae2be78423d1ea294b93ca0048ea66",
        "is_verified": false,
        "line_number": 197
      },
      {
        "type": "Hex High Entropy String",
        "filename": ".secrets.baseline",
        "hashed_secret": "c761cb53e2ba560ffc90bf489b95b00257efb91a",
        "is_verified": false,
        "line_number": 204
      },
      {
        "type": "Secret Keyword",
        "filename": ".secrets.baseline",
        "hashed_secret": "c761cb53e2ba560ffc90bf489b95b00257efb91a",
        "is_verified": false,
        "line_number": 204
      },
      {
        "type": "Hex High Entropy String",
        "filename": ".secrets.baseline",
        "hashed_secret": "aca04aeb4977e8dff158373b27531ed6f63db375",
        "is_verified": false,
        "line_number": 211
      },
      {
        "type": "Secret Keyword",
        "filename": ".secrets.baseline",
        "hashed_secret": "aca04aeb4977e8dff158373b27531ed6f63db375",
        "is_verified": false,
        "line_number": 211
      },
      {
        "type": "Hex High Entropy String",
        "filename": ".secrets.baseline",
        "hashed_secret": "49f200956634d4bb91244e0a5116f2b7268212f3",
        "is_verified": false,
        "line_number": 218
      },
      {
        "type": "Secret Keyword",
        "filename": ".secrets.baseline",
        "hashed_secret": "49f200956634d4bb91244e0a5116f2b7268212f3",
        "is_verified": false,
        "line_number": 218
      },
      {
        "type": "Hex High Entropy String",
        "filename": ".secrets.baseline",
        "hashed_secret": "4bd8136851ade102349a15eeb114932d130050d5",
        "is_verified": false,
        "line_number": 225
      },
      {
        "type": "Secret Keyword",
        "filename": ".secrets.baseline",
        "hashed_secret": "4bd8136851ade102349a15eeb114932d130050d5",
        "is_verified": false,
        "line_number": 225
      },
      {
        "type": "Hex High Entropy String",
        "filename": ".secrets.baseline",
        "hashed_secret": "be44f90616c2b7049103e9caeb5428b419fb7a57",
        "is_verified": false,
        "line_number": 243
      },
      {
        "type": "Secret Keyword",
        "filename": ".secrets.baseline",
        "hashed_secret": "be44f90616c2b7049103e9caeb5428b419fb7a57",
        "is_verified": false,
        "line_number": 243
      },
      {
        "type": "Hex High Entropy String",
        "filename": ".secrets.baseline",
        "hashed_secret": "dd800de4b4ddf5afbef2f850cda763f173697d75",
        "is_verified": false,
        "line_number": 250
      },
      {
        "type": "Secret Keyword",
        "filename": ".secrets.baseline",
        "hashed_secret": "dd800de4b4ddf5afbef2f850cda763f173697d75",
        "is_verified": false,
        "line_number": 250
      },
      {
        "type": "Hex High Entropy String",
        "filename": ".secrets.baseline",
        "hashed_secret": "1ad9a77d6b9bd2d6d00af9893626315bc7023045",
        "is_verified": false,
        "line_number": 257
      },
      {
        "type": "Secret Keyword",
        "filename": ".secrets.baseline",
        "hashed_secret": "1ad9a77d6b9bd2d6d00af9893626315bc7023045",
        "is_verified": false,
        "line_number": 257
      },
      {
        "type": "Hex High Entropy String",
        "filename": ".secrets.baseline",
        "hashed_secret": "1581f2266e8f0c3ff34123f6cb9a89c965479d6c",
        "is_verified": false,
        "line_number": 264
      },
      {
        "type": "Secret Keyword",
        "filename": ".secrets.baseline",
        "hashed_secret": "1581f2266e8f0c3ff34123f6cb9a89c965479d6c",
        "is_verified": false,
        "line_number": 264
      },
      {
        "type": "Hex High Entropy String",
        "filename": ".secrets.baseline",
        "hashed_secret": "8fbf63d4340720c5c550aefa46b857e3e8cdc3b3",
        "is_verified": false,
        "line_number": 273
      },
      {
        "type": "Secret Keyword",
        "filename": ".secrets.baseline",
        "hashed_secret": "8fbf63d4340720c5c550aefa46b857e3e8cdc3b3",
        "is_verified": false,
        "line_number": 273
      },
      {
        "type": "Hex High Entropy String",
        "filename": ".secrets.baseline",
        "hashed_secret": "8214d821e44d2dbb5d6af0445fa5943b5c856c38",
        "is_verified": false,
        "line_number": 282
      },
      {
        "type": "Secret Keyword",
        "filename": ".secrets.baseline",
        "hashed_secret": "8214d821e44d2dbb5d6af0445fa5943b5c856c38",
        "is_verified": false,
        "line_number": 282
      },
      {
        "type": "Hex High Entropy String",
        "filename": ".secrets.baseline",
        "hashed_secret": "f5fd9f1c5f94e293fb99d04900c96162a9beba8a",
        "is_verified": false,
        "line_number": 300
      },
      {
        "type": "Secret Keyword",
        "filename": ".secrets.baseline",
        "hashed_secret": "f5fd9f1c5f94e293fb99d04900c96162a9beba8a",
        "is_verified": false,
        "line_number": 300
      },
      {
        "type": "Hex High Entropy String",
        "filename": ".secrets.baseline",
        "hashed_secret": "d661f8e62843864a5f1b0c3664b24288295ee090",
        "is_verified": false,
        "line_number": 307
      },
      {
        "type": "Secret Keyword",
        "filename": ".secrets.baseline",
        "hashed_secret": "d661f8e62843864a5f1b0c3664b24288295ee090",
        "is_verified": false,
        "line_number": 307
      },
      {
        "type": "Hex High Entropy String",
        "filename": ".secrets.baseline",
        "hashed_secret": "98892c5ed264099e3348831b6cba67f6876003b8",
        "is_verified": false,
        "line_number": 316
      },
      {
        "type": "Secret Keyword",
        "filename": ".secrets.baseline",
        "hashed_secret": "98892c5ed264099e3348831b6cba67f6876003b8",
        "is_verified": false,
        "line_number": 316
      },
      {
        "type": "Hex High Entropy String",
        "filename": ".secrets.baseline",
        "hashed_secret": "de525c133d097a001e826d0574659a125f1b63d7",
        "is_verified": false,
        "line_number": 323
      },
      {
        "type": "Secret Keyword",
        "filename": ".secrets.baseline",
        "hashed_secret": "de525c133d097a001e826d0574659a125f1b63d7",
        "is_verified": false,
        "line_number": 323
      },
      {
        "type": "Hex High Entropy String",
        "filename": ".secrets.baseline",
        "hashed_secret": "e9735cfa4d5aa130e61d73ad97d767c5f2eab050",
        "is_verified": false,
        "line_number": 332
      },
      {
        "type": "Secret Keyword",
        "filename": ".secrets.baseline",
        "hashed_secret": "e9735cfa4d5aa130e61d73ad97d767c5f2eab050",
        "is_verified": false,
        "line_number": 332
      },
      {
        "type": "Hex High Entropy String",
        "filename": ".secrets.baseline",
        "hashed_secret": "84d5ee73341cdc7dee0743406e39e43cd531b75e",
        "is_verified": false,
        "line_number": 339
      },
      {
        "type": "Secret Keyword",
        "filename": ".secrets.baseline",
        "hashed_secret": "84d5ee73341cdc7dee0743406e39e43cd531b75e",
        "is_verified": false,
        "line_number": 339
      },
      {
        "type": "Hex High Entropy String",
        "filename": ".secrets.baseline",
        "hashed_secret": "cafd58f15a04ab4445a7260bc1e8f4521c52a4c9",
        "is_verified": false,
        "line_number": 346
      },
      {
        "type": "Secret Keyword",
        "filename": ".secrets.baseline",
        "hashed_secret": "cafd58f15a04ab4445a7260bc1e8f4521c52a4c9",
        "is_verified": false,
        "line_number": 346
      },
      {
        "type": "Hex High Entropy String",
        "filename": ".secrets.baseline",
        "hashed_secret": "29935ca37b4160283303595ad8fd555e87bd6c96",
        "is_verified": false,
        "line_number": 371
      },
      {
        "type": "Secret Keyword",
        "filename": ".secrets.baseline",
        "hashed_secret": "29935ca37b4160283303595ad8fd555e87bd6c96",
        "is_verified": false,
        "line_number": 371
      },
      {
        "type": "Hex High Entropy String",
        "filename": ".secrets.baseline",
        "hashed_secret": "95505358d06da30b52009d08da901dc6ad920729",
        "is_verified": false,
        "line_number": 378
      },
      {
        "type": "Secret Keyword",
        "filename": ".secrets.baseline",
        "hashed_secret": "95505358d06da30b52009d08da901dc6ad920729",
        "is_verified": false,
        "line_number": 378
      },
      {
        "type": "Hex High Entropy String",
        "filename": ".secrets.baseline",
        "hashed_secret": "6b395cf14fa851bcd3ae684ef975b4d729104221",
        "is_verified": false,
        "line_number": 385
      },
      {
        "type": "Secret Keyword",
        "filename": ".secrets.baseline",
        "hashed_secret": "6b395cf14fa851bcd3ae684ef975b4d729104221",
        "is_verified": false,
        "line_number": 385
      },
      {
        "type": "Hex High Entropy String",
        "filename": ".secrets.baseline",
        "hashed_secret": "bbd56afb9fd2fa64b1b3b08debc801b6e709c592",
        "is_verified": false,
        "line_number": 401
      },
      {
        "type": "Secret Keyword",
        "filename": ".secrets.baseline",
        "hashed_secret": "bbd56afb9fd2fa64b1b3b08debc801b6e709c592",
        "is_verified": false,
        "line_number": 401
      },
      {
        "type": "Hex High Entropy String",
        "filename": ".secrets.baseline",
        "hashed_secret": "e81dce489e7c79bf35cd19b3c8b320788ec3c401",
        "is_verified": false,
        "line_number": 419
      },
      {
        "type": "Secret Keyword",
        "filename": ".secrets.baseline",
        "hashed_secret": "e81dce489e7c79bf35cd19b3c8b320788ec3c401",
        "is_verified": false,
        "line_number": 419
      },
      {
        "type": "Hex High Entropy String",
        "filename": ".secrets.baseline",
        "hashed_secret": "7e8e8981d82ebf48f029eb375d2e60c887e1ebe1",
        "is_verified": false,
        "line_number": 426
      },
      {
        "type": "Secret Keyword",
        "filename": ".secrets.baseline",
        "hashed_secret": "7e8e8981d82ebf48f029eb375d2e60c887e1ebe1",
        "is_verified": false,
        "line_number": 426
      },
      {
        "type": "Hex High Entropy String",
        "filename": ".secrets.baseline",
        "hashed_secret": "dd45f35c0f7840645724515d910a67912c735318",
        "is_verified": false,
        "line_number": 435
      },
      {
        "type": "Secret Keyword",
        "filename": ".secrets.baseline",
        "hashed_secret": "dd45f35c0f7840645724515d910a67912c735318",
        "is_verified": false,
        "line_number": 435
      },
      {
        "type": "Hex High Entropy String",
        "filename": ".secrets.baseline",
        "hashed_secret": "785bfcd3b21fdd75524b6e87d2a32627484f727a",
        "is_verified": false,
        "line_number": 442
      },
      {
        "type": "Secret Keyword",
        "filename": ".secrets.baseline",
        "hashed_secret": "785bfcd3b21fdd75524b6e87d2a32627484f727a",
        "is_verified": false,
        "line_number": 442
      },
      {
        "type": "Hex High Entropy String",
        "filename": ".secrets.baseline",
        "hashed_secret": "87d5ce35e123dbad5d55dd4b43c5e4564a43ad2e",
        "is_verified": false,
        "line_number": 449
      },
      {
        "type": "Secret Keyword",
        "filename": ".secrets.baseline",
        "hashed_secret": "87d5ce35e123dbad5d55dd4b43c5e4564a43ad2e",
        "is_verified": false,
        "line_number": 449
      },
      {
        "type": "Hex High Entropy String",
        "filename": ".secrets.baseline",
        "hashed_secret": "e9ab475e8ef765d5f04c50b6f972c5e96a472e30",
        "is_verified": false,
        "line_number": 458
      },
      {
        "type": "Secret Keyword",
        "filename": ".secrets.baseline",
        "hashed_secret": "e9ab475e8ef765d5f04c50b6f972c5e96a472e30",
        "is_verified": false,
        "line_number": 458
      },
      {
        "type": "Hex High Entropy String",
        "filename": ".secrets.baseline",
        "hashed_secret": "b85de9c2f7fd61485d6dfd54b6a222ab724fa2fd",
        "is_verified": false,
        "line_number": 467
      },
      {
        "type": "Secret Keyword",
        "filename": ".secrets.baseline",
        "hashed_secret": "b85de9c2f7fd61485d6dfd54b6a222ab724fa2fd",
        "is_verified": false,
        "line_number": 467
      },
      {
        "type": "Hex High Entropy String",
        "filename": ".secrets.baseline",
        "hashed_secret": "774208fb90d7f188c97f9b317e6b091196d1dcff",
        "is_verified": false,
        "line_number": 483
      },
      {
        "type": "Secret Keyword",
        "filename": ".secrets.baseline",
        "hashed_secret": "774208fb90d7f188c97f9b317e6b091196d1dcff",
        "is_verified": false,
        "line_number": 483
      },
      {
        "type": "Hex High Entropy String",
        "filename": ".secrets.baseline",
        "hashed_secret": "ae99d869fac7296c25c5f6e58265a833bd633bdd",
        "is_verified": false,
        "line_number": 499
      },
      {
        "type": "Secret Keyword",
        "filename": ".secrets.baseline",
        "hashed_secret": "ae99d869fac7296c25c5f6e58265a833bd633bdd",
        "is_verified": false,
        "line_number": 499
      },
      {
        "type": "Hex High Entropy String",
        "filename": ".secrets.baseline",
        "hashed_secret": "867e595b4d07d83f773e421bea221b2f69da8c43",
        "is_verified": false,
        "line_number": 506
      },
      {
        "type": "Secret Keyword",
        "filename": ".secrets.baseline",
        "hashed_secret": "867e595b4d07d83f773e421bea221b2f69da8c43",
        "is_verified": false,
        "line_number": 506
      },
      {
        "type": "Hex High Entropy String",
        "filename": ".secrets.baseline",
        "hashed_secret": "c992ca3ae9c2d2720f88358d5a4d094fb0d6b676",
        "is_verified": false,
        "line_number": 515
      },
      {
        "type": "Secret Keyword",
        "filename": ".secrets.baseline",
        "hashed_secret": "c992ca3ae9c2d2720f88358d5a4d094fb0d6b676",
        "is_verified": false,
        "line_number": 515
      },
      {
        "type": "Hex High Entropy String",
        "filename": ".secrets.baseline",
        "hashed_secret": "1810be7d785ad78bdef1da8c99b9a25832151e80",
        "is_verified": false,
        "line_number": 524
      },
      {
        "type": "Secret Keyword",
        "filename": ".secrets.baseline",
        "hashed_secret": "1810be7d785ad78bdef1da8c99b9a25832151e80",
        "is_verified": false,
        "line_number": 524
      },
      {
        "type": "Hex High Entropy String",
        "filename": ".secrets.baseline",
        "hashed_secret": "190214c007909db843af3a932ea2d34f7c166386",
        "is_verified": false,
        "line_number": 533
      },
      {
        "type": "Secret Keyword",
        "filename": ".secrets.baseline",
        "hashed_secret": "190214c007909db843af3a932ea2d34f7c166386",
        "is_verified": false,
        "line_number": 533
      },
      {
        "type": "Hex High Entropy String",
        "filename": ".secrets.baseline",
        "hashed_secret": "28435a7de25a8a9d74f16aa52be739b551928185",
        "is_verified": false,
        "line_number": 540
      },
      {
        "type": "Secret Keyword",
        "filename": ".secrets.baseline",
        "hashed_secret": "28435a7de25a8a9d74f16aa52be739b551928185",
        "is_verified": false,
        "line_number": 540
      },
      {
        "type": "Hex High Entropy String",
        "filename": ".secrets.baseline",
        "hashed_secret": "05aa9e45a96d624e62964fd64c922abfed83c288",
        "is_verified": false,
        "line_number": 547
      },
      {
        "type": "Secret Keyword",
        "filename": ".secrets.baseline",
        "hashed_secret": "05aa9e45a96d624e62964fd64c922abfed83c288",
        "is_verified": false,
        "line_number": 547
      },
      {
        "type": "Hex High Entropy String",
        "filename": ".secrets.baseline",
        "hashed_secret": "5fc6502127130e4d6476e2b82b1f8a34ff79990e",
        "is_verified": false,
        "line_number": 554
      },
      {
        "type": "Secret Keyword",
        "filename": ".secrets.baseline",
        "hashed_secret": "5fc6502127130e4d6476e2b82b1f8a34ff79990e",
        "is_verified": false,
        "line_number": 554
      },
      {
        "type": "Hex High Entropy String",
        "filename": ".secrets.baseline",
        "hashed_secret": "c540e8c12d522d1005c3b8ffe67656b7dd9f529d",
        "is_verified": false,
        "line_number": 561
      },
      {
        "type": "Secret Keyword",
        "filename": ".secrets.baseline",
        "hashed_secret": "c540e8c12d522d1005c3b8ffe67656b7dd9f529d",
        "is_verified": false,
        "line_number": 561
      },
      {
        "type": "Hex High Entropy String",
        "filename": ".secrets.baseline",
        "hashed_secret": "6e545fd5d73093df6ac3b1efaad4c5b2c6ba4c7e",
        "is_verified": false,
        "line_number": 568
      },
      {
        "type": "Secret Keyword",
        "filename": ".secrets.baseline",
        "hashed_secret": "6e545fd5d73093df6ac3b1efaad4c5b2c6ba4c7e",
        "is_verified": false,
        "line_number": 568
      },
      {
        "type": "Hex High Entropy String",
        "filename": ".secrets.baseline",
        "hashed_secret": "d9da5785fa2a6a2b63ea1356efee80d08a58d3d0",
        "is_verified": false,
        "line_number": 575
      },
      {
        "type": "Secret Keyword",
        "filename": ".secrets.baseline",
        "hashed_secret": "d9da5785fa2a6a2b63ea1356efee80d08a58d3d0",
        "is_verified": false,
        "line_number": 575
      },
      {
        "type": "Hex High Entropy String",
        "filename": ".secrets.baseline",
        "hashed_secret": "7aac5f41decec92864e43c79aa7a873c285d0816",
        "is_verified": false,
        "line_number": 582
      },
      {
        "type": "Secret Keyword",
        "filename": ".secrets.baseline",
        "hashed_secret": "7aac5f41decec92864e43c79aa7a873c285d0816",
        "is_verified": false,
        "line_number": 582
      },
      {
        "type": "Hex High Entropy String",
        "filename": ".secrets.baseline",
        "hashed_secret": "cf1f095cc569fb5154b4048c923cf05c86160988",
        "is_verified": false,
        "line_number": 589
      },
      {
        "type": "Secret Keyword",
        "filename": ".secrets.baseline",
        "hashed_secret": "cf1f095cc569fb5154b4048c923cf05c86160988",
        "is_verified": false,
        "line_number": 589
      },
      {
        "type": "Hex High Entropy String",
        "filename": ".secrets.baseline",
        "hashed_secret": "579076fe97d916ef12dcc7a38bbd20bc60555562",
        "is_verified": false,
        "line_number": 614
      },
      {
        "type": "Secret Keyword",
        "filename": ".secrets.baseline",
        "hashed_secret": "579076fe97d916ef12dcc7a38bbd20bc60555562",
        "is_verified": false,
        "line_number": 614
      },
      {
        "type": "Hex High Entropy String",
        "filename": ".secrets.baseline",
        "hashed_secret": "264b3f4e53df3c0bec253a5653130603a9daac08",
        "is_verified": false,
        "line_number": 623
      },
      {
        "type": "Secret Keyword",
        "filename": ".secrets.baseline",
        "hashed_secret": "264b3f4e53df3c0bec253a5653130603a9daac08",
        "is_verified": false,
        "line_number": 623
      },
      {
        "type": "Hex High Entropy String",
        "filename": ".secrets.baseline",
        "hashed_secret": "9dc59f5509095056b941e684d60c39de74fab9af",
        "is_verified": false,
        "line_number": 630
      },
      {
        "type": "Secret Keyword",
        "filename": ".secrets.baseline",
        "hashed_secret": "9dc59f5509095056b941e684d60c39de74fab9af",
        "is_verified": false,
        "line_number": 630
      },
      {
        "type": "Hex High Entropy String",
        "filename": ".secrets.baseline",
        "hashed_secret": "96c5d7f486d7d1f3f1c5cf5833128127b010d25f",
        "is_verified": false,
        "line_number": 637
      },
      {
        "type": "Secret Keyword",
        "filename": ".secrets.baseline",
        "hashed_secret": "96c5d7f486d7d1f3f1c5cf5833128127b010d25f",
        "is_verified": false,
        "line_number": 637
      },
      {
        "type": "Hex High Entropy String",
        "filename": ".secrets.baseline",
        "hashed_secret": "8143f7a2d53248273592df6d1ba9803b1c3cc16b",
        "is_verified": false,
        "line_number": 644
      },
      {
        "type": "Secret Keyword",
        "filename": ".secrets.baseline",
        "hashed_secret": "8143f7a2d53248273592df6d1ba9803b1c3cc16b",
        "is_verified": false,
        "line_number": 644
      },
      {
        "type": "Hex High Entropy String",
        "filename": ".secrets.baseline",
        "hashed_secret": "21c0a9510be14e761f82ebb3b1509c0495a46c79",
        "is_verified": false,
        "line_number": 651
      },
      {
        "type": "Secret Keyword",
        "filename": ".secrets.baseline",
        "hashed_secret": "21c0a9510be14e761f82ebb3b1509c0495a46c79",
        "is_verified": false,
        "line_number": 651
      },
      {
        "type": "Hex High Entropy String",
        "filename": ".secrets.baseline",
        "hashed_secret": "d8ab4be4decc69025a466f00935437a7bb69bdbe",
        "is_verified": false,
        "line_number": 658
      },
      {
        "type": "Secret Keyword",
        "filename": ".secrets.baseline",
        "hashed_secret": "d8ab4be4decc69025a466f00935437a7bb69bdbe",
        "is_verified": false,
        "line_number": 658
      },
      {
        "type": "Hex High Entropy String",
        "filename": ".secrets.baseline",
        "hashed_secret": "1a6c77046f94642869c2dd59387e0b8900b15ca1",
        "is_verified": false,
        "line_number": 667
      },
      {
        "type": "Secret Keyword",
        "filename": ".secrets.baseline",
        "hashed_secret": "1a6c77046f94642869c2dd59387e0b8900b15ca1",
        "is_verified": false,
        "line_number": 667
      },
      {
        "type": "Hex High Entropy String",
        "filename": ".secrets.baseline",
        "hashed_secret": "0a80fb7526eb98739a5544100922cb980716dabd",
        "is_verified": false,
        "line_number": 701
      },
      {
        "type": "Secret Keyword",
        "filename": ".secrets.baseline",
        "hashed_secret": "0a80fb7526eb98739a5544100922cb980716dabd",
        "is_verified": false,
        "line_number": 701
      },
      {
        "type": "Hex High Entropy String",
        "filename": ".secrets.baseline",
        "hashed_secret": "0b566446b8013324457789ad5c421f9ad6fd1ff6",
        "is_verified": false,
        "line_number": 708
      },
      {
        "type": "Secret Keyword",
        "filename": ".secrets.baseline",
        "hashed_secret": "0b566446b8013324457789ad5c421f9ad6fd1ff6",
        "is_verified": false,
        "line_number": 708
      },
      {
        "type": "Hex High Entropy String",
        "filename": ".secrets.baseline",
        "hashed_secret": "2a80f4c06158b369a6b801e0af40a747eb853917",
        "is_verified": false,
        "line_number": 750
      },
      {
        "type": "Secret Keyword",
        "filename": ".secrets.baseline",
        "hashed_secret": "2a80f4c06158b369a6b801e0af40a747eb853917",
        "is_verified": false,
        "line_number": 750
      },
      {
        "type": "Hex High Entropy String",
        "filename": ".secrets.baseline",
        "hashed_secret": "a22f051e81248da7175193fdc6423ddada7c841e",
        "is_verified": false,
        "line_number": 784
      },
      {
        "type": "Secret Keyword",
        "filename": ".secrets.baseline",
        "hashed_secret": "a22f051e81248da7175193fdc6423ddada7c841e",
        "is_verified": false,
        "line_number": 784
      },
      {
        "type": "Hex High Entropy String",
        "filename": ".secrets.baseline",
        "hashed_secret": "8d38776eeb2dc21d1a7a6b8d5a58eee6cc518d61",
        "is_verified": false,
        "line_number": 791
      },
      {
        "type": "Secret Keyword",
        "filename": ".secrets.baseline",
        "hashed_secret": "8d38776eeb2dc21d1a7a6b8d5a58eee6cc518d61",
        "is_verified": false,
        "line_number": 791
      },
      {
        "type": "Hex High Entropy String",
        "filename": ".secrets.baseline",
        "hashed_secret": "63a650747671e5ddd842346b1107ee128606a8ad",
        "is_verified": false,
        "line_number": 798
      },
      {
        "type": "Secret Keyword",
        "filename": ".secrets.baseline",
        "hashed_secret": "63a650747671e5ddd842346b1107ee128606a8ad",
        "is_verified": false,
        "line_number": 798
      },
      {
        "type": "Hex High Entropy String",
        "filename": ".secrets.baseline",
        "hashed_secret": "1b591a8c41fa6ea867f533ab5d6cc50ae1b57deb",
        "is_verified": false,
        "line_number": 807
      },
      {
        "type": "Secret Keyword",
        "filename": ".secrets.baseline",
        "hashed_secret": "1b591a8c41fa6ea867f533ab5d6cc50ae1b57deb",
        "is_verified": false,
        "line_number": 807
      },
      {
        "type": "Hex High Entropy String",
        "filename": ".secrets.baseline",
        "hashed_secret": "06c44d84318533aa9aa05ea76cd20b423378a7f5",
        "is_verified": false,
        "line_number": 814
      },
      {
        "type": "Secret Keyword",
        "filename": ".secrets.baseline",
        "hashed_secret": "06c44d84318533aa9aa05ea76cd20b423378a7f5",
        "is_verified": false,
        "line_number": 814
      },
      {
        "type": "Hex High Entropy String",
        "filename": ".secrets.baseline",
        "hashed_secret": "52de54309644110fec0ab4207cb403881ebbe959",
        "is_verified": false,
        "line_number": 821
      },
      {
        "type": "Secret Keyword",
        "filename": ".secrets.baseline",
        "hashed_secret": "52de54309644110fec0ab4207cb403881ebbe959",
        "is_verified": false,
        "line_number": 821
      },
      {
        "type": "Hex High Entropy String",
        "filename": ".secrets.baseline",
        "hashed_secret": "c1f7d076cc0a1ae1b9f9cb8e954e2a3ee8c298ea",
        "is_verified": false,
        "line_number": 828
      },
      {
        "type": "Secret Keyword",
        "filename": ".secrets.baseline",
        "hashed_secret": "c1f7d076cc0a1ae1b9f9cb8e954e2a3ee8c298ea",
        "is_verified": false,
        "line_number": 828
      },
      {
        "type": "Hex High Entropy String",
        "filename": ".secrets.baseline",
        "hashed_secret": "19bea6c088dcd9b3159e386d88ad34336442916c",
        "is_verified": false,
        "line_number": 835
      },
      {
        "type": "Secret Keyword",
        "filename": ".secrets.baseline",
        "hashed_secret": "19bea6c088dcd9b3159e386d88ad34336442916c",
        "is_verified": false,
        "line_number": 835
      },
      {
        "type": "Hex High Entropy String",
        "filename": ".secrets.baseline",
        "hashed_secret": "062512f02cb90de7a8d4226e90b2f2c1fd22e7fa",
        "is_verified": false,
        "line_number": 842
      },
      {
        "type": "Secret Keyword",
        "filename": ".secrets.baseline",
        "hashed_secret": "062512f02cb90de7a8d4226e90b2f2c1fd22e7fa",
        "is_verified": false,
        "line_number": 842
      },
      {
        "type": "Hex High Entropy String",
        "filename": ".secrets.baseline",
        "hashed_secret": "73ddd8bb9f554de8521e83b4f4caf3e23582a8b9",
        "is_verified": false,
        "line_number": 856
      },
      {
        "type": "Secret Keyword",
        "filename": ".secrets.baseline",
        "hashed_secret": "73ddd8bb9f554de8521e83b4f4caf3e23582a8b9",
        "is_verified": false,
        "line_number": 856
      },
      {
        "type": "Hex High Entropy String",
        "filename": ".secrets.baseline",
        "hashed_secret": "0f0ac8a9142f2ee6233c4876dc3e2d839f23645b",
        "is_verified": false,
        "line_number": 863
      },
      {
        "type": "Secret Keyword",
        "filename": ".secrets.baseline",
        "hashed_secret": "0f0ac8a9142f2ee6233c4876dc3e2d839f23645b",
        "is_verified": false,
        "line_number": 863
      },
      {
        "type": "Hex High Entropy String",
        "filename": ".secrets.baseline",
        "hashed_secret": "ad1715820260e49d3ab2b9b3c6d62f43a201ae60",
        "is_verified": false,
        "line_number": 877
      },
      {
        "type": "Secret Keyword",
        "filename": ".secrets.baseline",
        "hashed_secret": "ad1715820260e49d3ab2b9b3c6d62f43a201ae60",
        "is_verified": false,
        "line_number": 877
      },
      {
        "type": "Hex High Entropy String",
        "filename": ".secrets.baseline",
        "hashed_secret": "cc7ce47d600e7749b728cf0248d9d8e50a0376ed",
        "is_verified": false,
        "line_number": 884
      },
      {
        "type": "Secret Keyword",
        "filename": ".secrets.baseline",
        "hashed_secret": "cc7ce47d600e7749b728cf0248d9d8e50a0376ed",
        "is_verified": false,
        "line_number": 884
      },
      {
        "type": "Hex High Entropy String",
        "filename": ".secrets.baseline",
        "hashed_secret": "67969b72e25cea7c48fa5aba2e40debc30725642",
        "is_verified": false,
        "line_number": 891
      },
      {
        "type": "Secret Keyword",
        "filename": ".secrets.baseline",
        "hashed_secret": "67969b72e25cea7c48fa5aba2e40debc30725642",
        "is_verified": false,
        "line_number": 891
      },
      {
        "type": "Hex High Entropy String",
        "filename": ".secrets.baseline",
        "hashed_secret": "34a9b277806969b2b83a0a1778e8931bf49eecfe",
        "is_verified": false,
        "line_number": 900
      },
      {
        "type": "Secret Keyword",
        "filename": ".secrets.baseline",
        "hashed_secret": "34a9b277806969b2b83a0a1778e8931bf49eecfe",
        "is_verified": false,
        "line_number": 900
      },
      {
        "type": "Hex High Entropy String",
        "filename": ".secrets.baseline",
        "hashed_secret": "6a4bb47d9f25fb8b767e9af08e7dffc36d023c48",
        "is_verified": false,
        "line_number": 909
      },
      {
        "type": "Secret Keyword",
        "filename": ".secrets.baseline",
        "hashed_secret": "6a4bb47d9f25fb8b767e9af08e7dffc36d023c48",
        "is_verified": false,
        "line_number": 909
      },
      {
        "type": "Hex High Entropy String",
        "filename": ".secrets.baseline",
        "hashed_secret": "92e9fd538714531d56f1bbfa07871437d5610c7d",
        "is_verified": false,
        "line_number": 916
      },
      {
        "type": "Secret Keyword",
        "filename": ".secrets.baseline",
        "hashed_secret": "92e9fd538714531d56f1bbfa07871437d5610c7d",
        "is_verified": false,
        "line_number": 916
      },
      {
        "type": "Hex High Entropy String",
        "filename": ".secrets.baseline",
        "hashed_secret": "29b04c713bbcb345f36524778811fd4fb000218e",
        "is_verified": false,
        "line_number": 934
      },
      {
        "type": "Secret Keyword",
        "filename": ".secrets.baseline",
        "hashed_secret": "29b04c713bbcb345f36524778811fd4fb000218e",
        "is_verified": false,
        "line_number": 934
      }
    ],
    "bin/auth-drivers/simple.test.cjs": [
      {
        "type": "Secret Keyword",
        "filename": "bin/auth-drivers/simple.test.cjs",
        "hashed_secret": "cba7d8d926ee837cf3f92636a6d1cd0eb397db64",
        "is_verified": false,
        "line_number": 110
      }
    ],
    "bin/ccr-secure-config.test.cjs": [
      {
        "type": "Secret Keyword",
        "filename": "bin/ccr-secure-config.test.cjs",
        "hashed_secret": "7a926f1e020679b0fa14698b7c0bb22ae3015756",
        "is_verified": false,
        "line_number": 244
      },
      {
        "type": "Secret Keyword",
        "filename": "bin/ccr-secure-config.test.cjs",
        "hashed_secret": "edf71c994698abbdfc893cb8310f7db5572a26f9",
        "is_verified": false,
        "line_number": 245
      },
      {
        "type": "Secret Keyword",
        "filename": "bin/ccr-secure-config.test.cjs",
        "hashed_secret": "f397e4a0fd4d881c4c53969a8f49449807df56a3",
        "is_verified": false,
        "line_number": 246
      },
      {
        "type": "Secret Keyword",
        "filename": "bin/ccr-secure-config.test.cjs",
        "hashed_secret": "c00dbbc9dadfbe1e232e93a729dd4752fade0abf",
        "is_verified": false,
        "line_number": 302
      },
      {
        "type": "Secret Keyword",
        "filename": "bin/ccr-secure-config.test.cjs",
        "hashed_secret": "500d939f06c0697b35b8b0fc1297991f3d67da72",
        "is_verified": false,
        "line_number": 326
      },
      {
        "type": "Secret Keyword",
        "filename": "bin/ccr-secure-config.test.cjs",
        "hashed_secret": "c520b8ac8b40fc0b45f3dab1840043f5d30baefd",
        "is_verified": false,
        "line_number": 349
      },
      {
        "type": "Secret Keyword",
        "filename": "bin/ccr-secure-config.test.cjs",
        "hashed_secret": "950bf1b85f12ee1507056c5959ab6585a15e960b",
        "is_verified": false,
        "line_number": 350
      },
      {
        "type": "Secret Keyword",
        "filename": "bin/ccr-secure-config.test.cjs",
        "hashed_secret": "87fe9a8580c8c767c0a7eb3e09c00421f068a967",
        "is_verified": false,
        "line_number": 572
      },
      {
        "type": "Secret Keyword",
        "filename": "bin/ccr-secure-config.test.cjs",
        "hashed_secret": "67ede8a641e07c6cb3a51e010f4eb2fbb4596360",
        "is_verified": false,
        "line_number": 573
      }
    ],
    "bin/check-trace-redaction.test.cjs": [
      {
        "type": "Secret Keyword",
        "filename": "bin/check-trace-redaction.test.cjs",
        "hashed_secret": "f2b14f68eb995facb3a1c35287b778d5bd785511",
        "is_verified": false,
        "line_number": 34
      },
      {
        "type": "AWS Access Key",
        "filename": "bin/check-trace-redaction.test.cjs",
        "hashed_secret": "25910f981e85ca04baf359199dd0bd4a3ae738b6",
        "is_verified": false,
        "line_number": 45
      }
    ],
    "bin/debt-dedup.test.cjs": [
      {
        "type": "Hex High Entropy String",
        "filename": "bin/debt-dedup.test.cjs",
        "hashed_secret": "323b5f30fd46dcaeeb6aed6df873b62cf585861f",
        "is_verified": false,
        "line_number": 9
      }
    ],
    "bin/debt-ledger.test.cjs": [
      {
        "type": "Hex High Entropy String",
        "filename": "bin/debt-ledger.test.cjs",
        "hashed_secret": "320d93a51cf4ffd93c5805522801d8c8c2dfb0f4",
        "is_verified": false,
        "line_number": 280
      },
      {
        "type": "Hex High Entropy String",
        "filename": "bin/debt-ledger.test.cjs",
        "hashed_secret": "c1d38cd8897d341561bdbf86023d8fb57be0d9d3",
        "is_verified": false,
        "line_number": 319
      },
      {
        "type": "Hex High Entropy String",
        "filename": "bin/debt-ledger.test.cjs",
        "hashed_secret": "bc4d95c6866bec7b29eec5a41a7deb0c6795a979",
        "is_verified": false,
        "line_number": 358
      },
      {
        "type": "Hex High Entropy String",
        "filename": "bin/debt-ledger.test.cjs",
        "hashed_secret": "359e3f61b9980a7e2c0136d010260b05ab085221",
        "is_verified": false,
        "line_number": 400
      },
      {
        "type": "Hex High Entropy String",
        "filename": "bin/debt-ledger.test.cjs",
        "hashed_secret": "75ec05c91425ef400616bbd88a3f6c8dc0dd2f17",
        "is_verified": false,
        "line_number": 459
      },
      {
        "type": "Hex High Entropy String",
        "filename": "bin/debt-ledger.test.cjs",
        "hashed_secret": "bb3f2f1fdb4346a79d1be2b683b25bb996bf60c4",
        "is_verified": false,
        "line_number": 499
      }
    ],
    "bin/debt-state-machine.test.cjs": [
      {
        "type": "Hex High Entropy String",
        "filename": "bin/debt-state-machine.test.cjs",
        "hashed_secret": "4610e9a827049f059bc72b0ce9833625ca6cae13",
        "is_verified": false,
        "line_number": 76
      }
    ],
    "bin/formal-ref-linker.test.cjs": [
      {
        "type": "Hex High Entropy String",
        "filename": "bin/formal-ref-linker.test.cjs",
        "hashed_secret": "323b5f30fd46dcaeeb6aed6df873b62cf585861f",
        "is_verified": false,
        "line_number": 12
      }
    ],
    "bin/manage-agents-core.cjs": [
      {
        "type": "Secret Keyword",
        "filename": "bin/manage-agents-core.cjs",
        "hashed_secret": "32df82dccdd26b62d92eaefa9ccc2550d5ec96bd",
        "is_verified": false,
        "line_number": 406
      }
    ],
    "bin/manage-agents.test.cjs": [
      {
        "type": "Base64 High Entropy String",
        "filename": "bin/manage-agents.test.cjs",
        "hashed_secret": "9f08064bf7140dd215badead0214265fa6a1639f",
        "is_verified": false,
        "line_number": 57
      },
      {
        "type": "Secret Keyword",
        "filename": "bin/manage-agents.test.cjs",
        "hashed_secret": "637487c884f6dd9a4a638fab826509cfdba90fa9",
        "is_verified": false,
        "line_number": 128
      },
      {
        "type": "Secret Keyword",
        "filename": "bin/manage-agents.test.cjs",
        "hashed_secret": "666c100dab549a6f56da7da546bd848ed5086541",
        "is_verified": false,
        "line_number": 136
      },
      {
        "type": "Secret Keyword",
        "filename": "bin/manage-agents.test.cjs",
        "hashed_secret": "32df82dccdd26b62d92eaefa9ccc2550d5ec96bd",
        "is_verified": false,
        "line_number": 149
      },
      {
        "type": "Secret Keyword",
        "filename": "bin/manage-agents.test.cjs",
        "hashed_secret": "13951588fd3325e25ed1e3b116d7009fb221c85e",
        "is_verified": false,
        "line_number": 414
      },
      {
        "type": "Secret Keyword",
        "filename": "bin/manage-agents.test.cjs",
        "hashed_secret": "a4d9898958973805c7a28691b1fc183d40144188",
        "is_verified": false,
        "line_number": 449
      },
      {
        "type": "Secret Keyword",
        "filename": "bin/manage-agents.test.cjs",
        "hashed_secret": "e0538dbde0484e599b41a65cc6a9d443b5011520",
        "is_verified": false,
        "line_number": 1428
      },
      {
        "type": "Secret Keyword",
        "filename": "bin/manage-agents.test.cjs",
        "hashed_secret": "05b320f6e1147eb9dca51fd088b5f449aa1d0f8a",
        "is_verified": false,
        "line_number": 1500
      },
      {
        "type": "Secret Keyword",
        "filename": "bin/manage-agents.test.cjs",
        "hashed_secret": "d503c694c0e762d786079a3f8bd6df32de508a9b",
        "is_verified": false,
        "line_number": 1529
      }
    ],
    "bin/providers.json": [
      {
        "type": "Secret Keyword",
        "filename": "bin/providers.json",
        "hashed_secret": "c8f16a194efc59559549c7bd69f7bea038742e79",
        "is_verified": false,
        "line_number": 1043
      }
    ],
    "bin/quorum-slot-dispatch.test.cjs": [
      {
        "type": "Hex High Entropy String",
        "filename": "bin/quorum-slot-dispatch.test.cjs",
        "hashed_secret": "71e6451ec62776057a355cba708a135319c6b000",
        "is_verified": false,
        "line_number": 907
      },
      {
        "type": "Hex High Entropy String",
        "filename": "bin/quorum-slot-dispatch.test.cjs",
        "hashed_secret": "e8e6c2284ab5bee4de2ee53880c8fc2a4728d3e8",
        "is_verified": false,
        "line_number": 924
      }
    ],
    "bin/secrets.cjs": [
      {
        "type": "Secret Keyword",
        "filename": "bin/secrets.cjs",
        "hashed_secret": "a85f18261c0688f38dd4067dd7f5757804e2750b",
        "is_verified": false,
        "line_number": 131
      },
      {
        "type": "Secret Keyword",
        "filename": "bin/secrets.cjs",
        "hashed_secret": "e349e118d28bef000322652a8ed03b08a3302e3f",
        "is_verified": false,
        "line_number": 132
      },
      {
        "type": "Secret Keyword",
        "filename": "bin/secrets.cjs",
        "hashed_secret": "9034ff9e2b8f00b47a44dfaf3c2a37176c101e2a",
        "is_verified": false,
        "line_number": 133
      }
    ],
    "bin/secrets.test.cjs": [
      {
        "type": "Secret Keyword",
        "filename": "bin/secrets.test.cjs",
        "hashed_secret": "5e6e4c0fb8ef47b4f1d6eea3e6c51152dbee94ec",
        "is_verified": false,
        "line_number": 112
      },
      {
        "type": "Secret Keyword",
        "filename": "bin/secrets.test.cjs",
        "hashed_secret": "e64de66831dfa277526cb9e606873c7e52c3d8ae",
        "is_verified": false,
        "line_number": 289
      },
      {
        "type": "Secret Keyword",
        "filename": "bin/secrets.test.cjs",
        "hashed_secret": "9a401c79a1218a175acc5f928112ba05acea1a7a",
        "is_verified": false,
        "line_number": 299
      },
      {
        "type": "Secret Keyword",
        "filename": "bin/secrets.test.cjs",
        "hashed_secret": "39f69c278f46165447f30d10acf54277aaa3d5fc",
        "is_verified": false,
        "line_number": 372
      },
      {
        "type": "Secret Keyword",
        "filename": "bin/secrets.test.cjs",
        "hashed_secret": "dbdab9be92cacdae6a97e8601332bfaa8545800f",
        "is_verified": false,
        "line_number": 538
      },
      {
        "type": "Secret Keyword",
        "filename": "bin/secrets.test.cjs",
        "hashed_secret": "98891fc9dbc4d7280cdce028669844d1942a5469",
        "is_verified": false,
        "line_number": 543
      },
      {
        "type": "Secret Keyword",
        "filename": "bin/secrets.test.cjs",
        "hashed_secret": "c00dbbc9dadfbe1e232e93a729dd4752fade0abf",
        "is_verified": false,
        "line_number": 621
      },
      {
        "type": "Secret Keyword",
        "filename": "bin/secrets.test.cjs",
        "hashed_secret": "45f59165e0a7cf6ec63585f8c9416e0f195e6d4e",
        "is_verified": false,
        "line_number": 643
      },
      {
        "type": "Secret Keyword",
        "filename": "bin/secrets.test.cjs",
        "hashed_secret": "a5da8a8a5117c79b4aba6029982d00f616dd1b30",
        "is_verified": false,
        "line_number": 644
      },
      {
        "type": "Secret Keyword",
        "filename": "bin/secrets.test.cjs",
        "hashed_secret": "f397e4a0fd4d881c4c53969a8f49449807df56a3",
        "is_verified": false,
        "line_number": 727
      },
      {
        "type": "Secret Keyword",
        "filename": "bin/secrets.test.cjs",
        "hashed_secret": "795294de5923e6d8e21b9b5a0595a1f21980914a",
        "is_verified": false,
        "line_number": 728
      },
      {
        "type": "Secret Keyword",
        "filename": "bin/secrets.test.cjs",
        "hashed_secret": "552e7f2560b093e833fb1d286ad3557a2ba3a2fa",
        "is_verified": false,
        "line_number": 786
      },
      {
        "type": "Secret Keyword",
        "filename": "bin/secrets.test.cjs",
        "hashed_secret": "7876affe5a6bb6688c659b452fe9d81d4125d21f",
        "is_verified": false,
        "line_number": 787
      }
    ],
    "bin/security-sweep.test.cjs": [
      {
        "type": "AWS Access Key",
        "filename": "bin/security-sweep.test.cjs",
        "hashed_secret": "3c76d2abd56878fe1834ff711a3a60e83af48849",
        "is_verified": false,
        "line_number": 138
      }
    ],
    "bin/unified-mcp-server.mjs": [
      {
        "type": "Secret Keyword",
        "filename": "bin/unified-mcp-server.mjs",
        "hashed_secret": "f8ca0d7266886f4b5be9adddc9b66017b3bf1a4b",
        "is_verified": false,
        "line_number": 473
      },
      {
        "type": "Secret Keyword",
        "filename": "bin/unified-mcp-server.mjs",
        "hashed_secret": "138901a352fddde83a010e609f2091c5ebaad7bd",
        "is_verified": false,
        "line_number": 903
      }
    ],
    "bin/validate-debt-entry.test.cjs": [
      {
        "type": "Hex High Entropy String",
        "filename": "bin/validate-debt-entry.test.cjs",
        "hashed_secret": "4610e9a827049f059bc72b0ce9833625ca6cae13",
        "is_verified": false,
        "line_number": 10
      }
    ],
    "bin/validate-requirements-haiku.test.cjs": [
      {
        "type": "Secret Keyword",
        "filename": "bin/validate-requirements-haiku.test.cjs",
        "hashed_secret": "9139236dfe89960fee34d53b6089795fe376682e",
        "is_verified": false,
        "line_number": 263
      }
    ]
  },
  "generated_at": "2026-04-06T08:26:39Z"
}
